current directory: /Users/lukasalvo/Documents/Perso/mac-monitor/vendor/bundle/ruby/3.4.0/gems/date-3.5.1/ext/date
/opt/homebrew/opt/ruby/bin/ruby extconf.rb
checking for rb_category_warn()... yes
checking for timezone in time.h with -Werror... yes
checking for altzone in time.h with -Werror... no
creating Makefile

current directory: /Users/lukasalvo/Documents/Perso/mac-monitor/vendor/bundle/ruby/3.4.0/gems/date-3.5.1/ext/date
make DESTDIR\= sitearchdir\=./.gem.20251216-20837-sgkhox sitelibdir\=./.gem.20251216-20837-sgkhox clean

current directory: /Users/lukasalvo/Documents/Perso/mac-monitor/vendor/bundle/ruby/3.4.0/gems/date-3.5.1/ext/date
make DESTDIR\= sitearchdir\=./.gem.20251216-20837-sgkhox sitelibdir\=./.gem.20251216-20837-sgkhox
compiling date_core.c
compiling date_parse.c
compiling date_strftime.c
compiling date_strptime.c
linking shared-object date_core.bundle

current directory: /Users/lukasalvo/Documents/Perso/mac-monitor/vendor/bundle/ruby/3.4.0/gems/date-3.5.1/ext/date
make DESTDIR\= sitearchdir\=./.gem.20251216-20837-sgkhox sitelibdir\=./.gem.20251216-20837-sgkhox install
/usr/bin/install -c -m 0755 date_core.bundle ./.gem.20251216-20837-sgkhox

current directory: /Users/lukasalvo/Documents/Perso/mac-monitor/vendor/bundle/ruby/3.4.0/gems/date-3.5.1/ext/date
make DESTDIR\= sitearchdir\=./.gem.20251216-20837-sgkhox sitelibdir\=./.gem.20251216-20837-sgkhox clean
