have_header: checking for unistd.h... -------------------- yes

DYLD_LIBRARY_PATH=.:/opt/homebrew/Cellar/ruby/3.4.7/lib ASAN_OPTIONS=detect_leaks=0 "clang -o conftest -I/opt/homebrew/Cellar/ruby/3.4.7/include/ruby-3.4.0/arm64-darwin25 -I/opt/homebrew/Cellar/ruby/3.4.7/include/ruby-3.4.0/ruby/backward -I/opt/homebrew/Cellar/ruby/3.4.7/include/ruby-3.4.0 -I. -I/opt/homebrew/opt/libyaml/include -I/opt/homebrew/opt/openssl@3/include -D_XOPEN_SOURCE -D_DARWIN_C_SOURCE -D_DARWIN_UNLIMITED_SELECT -D_REENTRANT   -fstack-protector-strong -U_FORTIFY_SOURCE -D_FORTIFY_SOURCE=2 -fdeclspec  -O3 -fno-fast-math -ggdb3 -Wall -Wextra -Wextra-tokens -Wdeprecated-declarations -Wdivision-by-zero -Wdiv-by-zero -Wimplicit-function-declaration -Wimplicit-int -Wpointer-arith -Wshorten-64-to-32 -Wwrite-strings -Wold-style-definition -Wmissing-noreturn -Wno-cast-function-type -Wno-constant-logical-operand -Wno-long-long -Wno-missing-field-initializers -Wno-overlength-strings -Wno-parentheses-equality -Wno-self-assign -Wno-tautological-compare -Wno-unused-parameter -Wno-unused-value -Wunused-variable -Wmisleading-indentation -Wundef -fno-common -pipe conftest.c -L. -L/opt/homebrew/Cellar/ruby/3.4.7/lib -L/opt/homebrew/opt/libyaml/lib -L/opt/homebrew/opt/openssl@3/lib -L. -fstack-protector-strong -L/opt/homebrew/Cellar/libyaml/0.2.5/lib -L/opt/homebrew/Cellar/openssl@3/3.6.0/lib  -arch arm64   -lruby.3.4  -lpthread  "
checked program was:
/* begin */
1: #include "ruby.h"
2: 
3: int main(int argc, char **argv)
4: {
5:   return !!argv[argc];
6: }
/* end */

DYLD_LIBRARY_PATH=.:/opt/homebrew/Cellar/ruby/3.4.7/lib ASAN_OPTIONS=detect_leaks=0 "clang -I/opt/homebrew/Cellar/ruby/3.4.7/include/ruby-3.4.0/arm64-darwin25 -I/opt/homebrew/Cellar/ruby/3.4.7/include/ruby-3.4.0/ruby/backward -I/opt/homebrew/Cellar/ruby/3.4.7/include/ruby-3.4.0 -I. -I/opt/homebrew/opt/libyaml/include -I/opt/homebrew/opt/openssl@3/include -D_XOPEN_SOURCE -D_DARWIN_C_SOURCE -D_DARWIN_UNLIMITED_SELECT -D_REENTRANT   -fstack-protector-strong -U_FORTIFY_SOURCE -D_FORTIFY_SOURCE=2 -fdeclspec  -O3 -fno-fast-math -ggdb3 -Wall -Wextra -Wextra-tokens -Wdeprecated-declarations -Wdivision-by-zero -Wdiv-by-zero -Wimplicit-function-declaration -Wimplicit-int -Wpointer-arith -Wshorten-64-to-32 -Wwrite-strings -Wold-style-definition -Wmissing-noreturn -Wno-cast-function-type -Wno-constant-logical-operand -Wno-long-long -Wno-missing-field-initializers -Wno-overlength-strings -Wno-parentheses-equality -Wno-self-assign -Wno-tautological-compare -Wno-unused-parameter -Wno-unused-value -Wunused-variable -Wmisleading-indentation -Wundef -fno-common -pipe -arch arm64  -c conftest.c"
checked program was:
/* begin */
1: #include "ruby.h"
2: 
3: #include <unistd.h>
/* end */

--------------------

have_func: checking for getpagesize() in unistd.h... -------------------- yes

DYLD_LIBRARY_PATH=.:/opt/homebrew/Cellar/ruby/3.4.7/lib ASAN_OPTIONS=detect_leaks=0 "clang -o conftest -I/opt/homebrew/Cellar/ruby/3.4.7/include/ruby-3.4.0/arm64-darwin25 -I/opt/homebrew/Cellar/ruby/3.4.7/include/ruby-3.4.0/ruby/backward -I/opt/homebrew/Cellar/ruby/3.4.7/include/ruby-3.4.0 -I. -I/opt/homebrew/opt/libyaml/include -I/opt/homebrew/opt/openssl@3/include -D_XOPEN_SOURCE -D_DARWIN_C_SOURCE -D_DARWIN_UNLIMITED_SELECT -D_REENTRANT   -fstack-protector-strong -U_FORTIFY_SOURCE -D_FORTIFY_SOURCE=2 -fdeclspec  -O3 -fno-fast-math -ggdb3 -Wall -Wextra -Wextra-tokens -Wdeprecated-declarations -Wdivision-by-zero -Wdiv-by-zero -Wimplicit-function-declaration -Wimplicit-int -Wpointer-arith -Wshorten-64-to-32 -Wwrite-strings -Wold-style-definition -Wmissing-noreturn -Wno-cast-function-type -Wno-constant-logical-operand -Wno-long-long -Wno-missing-field-initializers -Wno-overlength-strings -Wno-parentheses-equality -Wno-self-assign -Wno-tautological-compare -Wno-unused-parameter -Wno-unused-value -Wunused-variable -Wmisleading-indentation -Wundef -fno-common -pipe conftest.c -L. -L/opt/homebrew/Cellar/ruby/3.4.7/lib -L/opt/homebrew/opt/libyaml/lib -L/opt/homebrew/opt/openssl@3/lib -L. -fstack-protector-strong -L/opt/homebrew/Cellar/libyaml/0.2.5/lib -L/opt/homebrew/Cellar/openssl@3/3.6.0/lib  -arch arm64   -lruby.3.4  -lpthread  "
checked program was:
/* begin */
 1: #include "ruby.h"
 2: 
 3: #include <unistd.h>
 4: 
 5: /*top*/
 6: extern int t(void);
 7: int main(int argc, char **argv)
 8: {
 9:   if (argc > 1000000) {
10:     int (* volatile tp)(void)=(int (*)(void))&t;
11:     printf("%d", (*tp)());
12:   }
13: 
14:   return !!argv[argc];
15: }
16: int t(void) { void ((*volatile p)()); p = (void ((*)()))getpagesize; return !p; }
/* end */

--------------------

have_header: checking for stdlib.h... -------------------- yes

DYLD_LIBRARY_PATH=.:/opt/homebrew/Cellar/ruby/3.4.7/lib ASAN_OPTIONS=detect_leaks=0 "clang -I/opt/homebrew/Cellar/ruby/3.4.7/include/ruby-3.4.0/arm64-darwin25 -I/opt/homebrew/Cellar/ruby/3.4.7/include/ruby-3.4.0/ruby/backward -I/opt/homebrew/Cellar/ruby/3.4.7/include/ruby-3.4.0 -I. -I/opt/homebrew/opt/libyaml/include -I/opt/homebrew/opt/openssl@3/include -D_XOPEN_SOURCE -D_DARWIN_C_SOURCE -D_DARWIN_UNLIMITED_SELECT -D_REENTRANT   -fstack-protector-strong -U_FORTIFY_SOURCE -D_FORTIFY_SOURCE=2 -fdeclspec  -O3 -fno-fast-math -ggdb3 -Wall -Wextra -Wextra-tokens -Wdeprecated-declarations -Wdivision-by-zero -Wdiv-by-zero -Wimplicit-function-declaration -Wimplicit-int -Wpointer-arith -Wshorten-64-to-32 -Wwrite-strings -Wold-style-definition -Wmissing-noreturn -Wno-cast-function-type -Wno-constant-logical-operand -Wno-long-long -Wno-missing-field-initializers -Wno-overlength-strings -Wno-parentheses-equality -Wno-self-assign -Wno-tautological-compare -Wno-unused-parameter -Wno-unused-value -Wunused-variable -Wmisleading-indentation -Wundef -fno-common -pipe -arch arm64  -c conftest.c"
checked program was:
/* begin */
1: #include "ruby.h"
2: 
3: #include <stdlib.h>
/* end */

--------------------

have_header: checking for sys/loadavg.h... -------------------- no

DYLD_LIBRARY_PATH=.:/opt/homebrew/Cellar/ruby/3.4.7/lib ASAN_OPTIONS=detect_leaks=0 "clang -I/opt/homebrew/Cellar/ruby/3.4.7/include/ruby-3.4.0/arm64-darwin25 -I/opt/homebrew/Cellar/ruby/3.4.7/include/ruby-3.4.0/ruby/backward -I/opt/homebrew/Cellar/ruby/3.4.7/include/ruby-3.4.0 -I. -I/opt/homebrew/opt/libyaml/include -I/opt/homebrew/opt/openssl@3/include -D_XOPEN_SOURCE -D_DARWIN_C_SOURCE -D_DARWIN_UNLIMITED_SELECT -D_REENTRANT   -fstack-protector-strong -U_FORTIFY_SOURCE -D_FORTIFY_SOURCE=2 -fdeclspec  -O3 -fno-fast-math -ggdb3 -Wall -Wextra -Wextra-tokens -Wdeprecated-declarations -Wdivision-by-zero -Wdiv-by-zero -Wimplicit-function-declaration -Wimplicit-int -Wpointer-arith -Wshorten-64-to-32 -Wwrite-strings -Wold-style-definition -Wmissing-noreturn -Wno-cast-function-type -Wno-constant-logical-operand -Wno-long-long -Wno-missing-field-initializers -Wno-overlength-strings -Wno-parentheses-equality -Wno-self-assign -Wno-tautological-compare -Wno-unused-parameter -Wno-unused-value -Wunused-variable -Wmisleading-indentation -Wundef -fno-common -pipe -arch arm64  -c conftest.c"
conftest.c:3:10: fatal error: 'sys/loadavg.h' file not found
    3 | #include <sys/loadavg.h>
      |          ^~~~~~~~~~~~~~~
1 error generated.
checked program was:
/* begin */
1: #include "ruby.h"
2: 
3: #include <sys/loadavg.h>
/* end */

--------------------

have_func: checking for getloadavg()... -------------------- yes

DYLD_LIBRARY_PATH=.:/opt/homebrew/Cellar/ruby/3.4.7/lib ASAN_OPTIONS=detect_leaks=0 "clang -o conftest -I/opt/homebrew/Cellar/ruby/3.4.7/include/ruby-3.4.0/arm64-darwin25 -I/opt/homebrew/Cellar/ruby/3.4.7/include/ruby-3.4.0/ruby/backward -I/opt/homebrew/Cellar/ruby/3.4.7/include/ruby-3.4.0 -I. -I/opt/homebrew/opt/libyaml/include -I/opt/homebrew/opt/openssl@3/include -D_XOPEN_SOURCE -D_DARWIN_C_SOURCE -D_DARWIN_UNLIMITED_SELECT -D_REENTRANT   -fstack-protector-strong -U_FORTIFY_SOURCE -D_FORTIFY_SOURCE=2 -fdeclspec  -O3 -fno-fast-math -ggdb3 -Wall -Wextra -Wextra-tokens -Wdeprecated-declarations -Wdivision-by-zero -Wdiv-by-zero -Wimplicit-function-declaration -Wimplicit-int -Wpointer-arith -Wshorten-64-to-32 -Wwrite-strings -Wold-style-definition -Wmissing-noreturn -Wno-cast-function-type -Wno-constant-logical-operand -Wno-long-long -Wno-missing-field-initializers -Wno-overlength-strings -Wno-parentheses-equality -Wno-self-assign -Wno-tautological-compare -Wno-unused-parameter -Wno-unused-value -Wunused-variable -Wmisleading-indentation -Wundef -fno-common -pipe conftest.c -L. -L/opt/homebrew/Cellar/ruby/3.4.7/lib -L/opt/homebrew/opt/libyaml/lib -L/opt/homebrew/opt/openssl@3/lib -L. -fstack-protector-strong -L/opt/homebrew/Cellar/libyaml/0.2.5/lib -L/opt/homebrew/Cellar/openssl@3/3.6.0/lib  -arch arm64   -lruby.3.4  -lpthread  "
checked program was:
/* begin */
 1: #include "ruby.h"
 2: 
 3: /*top*/
 4: extern int t(void);
 5: int main(int argc, char **argv)
 6: {
 7:   if (argc > 1000000) {
 8:     int (* volatile tp)(void)=(int (*)(void))&t;
 9:     printf("%d", (*tp)());
10:   }
11: 
12:   return !!argv[argc];
13: }
14: int t(void) { void ((*volatile p)()); p = (void ((*)()))getloadavg; return !p; }
/* end */

--------------------

have_header: checking for mach/mach.h... -------------------- yes

DYLD_LIBRARY_PATH=.:/opt/homebrew/Cellar/ruby/3.4.7/lib ASAN_OPTIONS=detect_leaks=0 "clang -I/opt/homebrew/Cellar/ruby/3.4.7/include/ruby-3.4.0/arm64-darwin25 -I/opt/homebrew/Cellar/ruby/3.4.7/include/ruby-3.4.0/ruby/backward -I/opt/homebrew/Cellar/ruby/3.4.7/include/ruby-3.4.0 -I. -I/opt/homebrew/opt/libyaml/include -I/opt/homebrew/opt/openssl@3/include -D_XOPEN_SOURCE -D_DARWIN_C_SOURCE -D_DARWIN_UNLIMITED_SELECT -D_REENTRANT   -fstack-protector-strong -U_FORTIFY_SOURCE -D_FORTIFY_SOURCE=2 -fdeclspec  -O3 -fno-fast-math -ggdb3 -Wall -Wextra -Wextra-tokens -Wdeprecated-declarations -Wdivision-by-zero -Wdiv-by-zero -Wimplicit-function-declaration -Wimplicit-int -Wpointer-arith -Wshorten-64-to-32 -Wwrite-strings -Wold-style-definition -Wmissing-noreturn -Wno-cast-function-type -Wno-constant-logical-operand -Wno-long-long -Wno-missing-field-initializers -Wno-overlength-strings -Wno-parentheses-equality -Wno-self-assign -Wno-tautological-compare -Wno-unused-parameter -Wno-unused-value -Wunused-variable -Wmisleading-indentation -Wundef -fno-common -pipe -arch arm64  -c conftest.c"
checked program was:
/* begin */
1: #include "ruby.h"
2: 
3: #include <mach/mach.h>
/* end */

--------------------

have_header: checking for mach/mach_host.h... -------------------- yes

DYLD_LIBRARY_PATH=.:/opt/homebrew/Cellar/ruby/3.4.7/lib ASAN_OPTIONS=detect_leaks=0 "clang -I/opt/homebrew/Cellar/ruby/3.4.7/include/ruby-3.4.0/arm64-darwin25 -I/opt/homebrew/Cellar/ruby/3.4.7/include/ruby-3.4.0/ruby/backward -I/opt/homebrew/Cellar/ruby/3.4.7/include/ruby-3.4.0 -I. -I/opt/homebrew/opt/libyaml/include -I/opt/homebrew/opt/openssl@3/include -D_XOPEN_SOURCE -D_DARWIN_C_SOURCE -D_DARWIN_UNLIMITED_SELECT -D_REENTRANT   -fstack-protector-strong -U_FORTIFY_SOURCE -D_FORTIFY_SOURCE=2 -fdeclspec  -O3 -fno-fast-math -ggdb3 -Wall -Wextra -Wextra-tokens -Wdeprecated-declarations -Wdivision-by-zero -Wdiv-by-zero -Wimplicit-function-declaration -Wimplicit-int -Wpointer-arith -Wshorten-64-to-32 -Wwrite-strings -Wold-style-definition -Wmissing-noreturn -Wno-cast-function-type -Wno-constant-logical-operand -Wno-long-long -Wno-missing-field-initializers -Wno-overlength-strings -Wno-parentheses-equality -Wno-self-assign -Wno-tautological-compare -Wno-unused-parameter -Wno-unused-value -Wunused-variable -Wmisleading-indentation -Wundef -fno-common -pipe -arch arm64  -c conftest.c"
checked program was:
/* begin */
1: #include "ruby.h"
2: 
3: #include <mach/mach_host.h>
/* end */

--------------------

have_func: checking for host_processor_info()... -------------------- yes

DYLD_LIBRARY_PATH=.:/opt/homebrew/Cellar/ruby/3.4.7/lib ASAN_OPTIONS=detect_leaks=0 "clang -o conftest -I/opt/homebrew/Cellar/ruby/3.4.7/include/ruby-3.4.0/arm64-darwin25 -I/opt/homebrew/Cellar/ruby/3.4.7/include/ruby-3.4.0/ruby/backward -I/opt/homebrew/Cellar/ruby/3.4.7/include/ruby-3.4.0 -I. -I/opt/homebrew/opt/libyaml/include -I/opt/homebrew/opt/openssl@3/include -D_XOPEN_SOURCE -D_DARWIN_C_SOURCE -D_DARWIN_UNLIMITED_SELECT -D_REENTRANT   -fstack-protector-strong -U_FORTIFY_SOURCE -D_FORTIFY_SOURCE=2 -fdeclspec  -O3 -fno-fast-math -ggdb3 -Wall -Wextra -Wextra-tokens -Wdeprecated-declarations -Wdivision-by-zero -Wdiv-by-zero -Wimplicit-function-declaration -Wimplicit-int -Wpointer-arith -Wshorten-64-to-32 -Wwrite-strings -Wold-style-definition -Wmissing-noreturn -Wno-cast-function-type -Wno-constant-logical-operand -Wno-long-long -Wno-missing-field-initializers -Wno-overlength-strings -Wno-parentheses-equality -Wno-self-assign -Wno-tautological-compare -Wno-unused-parameter -Wno-unused-value -Wunused-variable -Wmisleading-indentation -Wundef -fno-common -pipe conftest.c -L. -L/opt/homebrew/Cellar/ruby/3.4.7/lib -L/opt/homebrew/opt/libyaml/lib -L/opt/homebrew/opt/openssl@3/lib -L. -fstack-protector-strong -L/opt/homebrew/Cellar/libyaml/0.2.5/lib -L/opt/homebrew/Cellar/openssl@3/3.6.0/lib  -arch arm64   -lruby.3.4  -lpthread  "
conftest.c:14:57: error: use of undeclared identifier 'host_processor_info'
   14 | int t(void) { void ((*volatile p)()); p = (void ((*)()))host_processor_info; return !p; }
      |                                                         ^
1 error generated.
checked program was:
/* begin */
 1: #include "ruby.h"
 2: 
 3: /*top*/
 4: extern int t(void);
 5: int main(int argc, char **argv)
 6: {
 7:   if (argc > 1000000) {
 8:     int (* volatile tp)(void)=(int (*)(void))&t;
 9:     printf("%d", (*tp)());
10:   }
11: 
12:   return !!argv[argc];
13: }
14: int t(void) { void ((*volatile p)()); p = (void ((*)()))host_processor_info; return !p; }
/* end */

DYLD_LIBRARY_PATH=.:/opt/homebrew/Cellar/ruby/3.4.7/lib ASAN_OPTIONS=detect_leaks=0 "clang -o conftest -I/opt/homebrew/Cellar/ruby/3.4.7/include/ruby-3.4.0/arm64-darwin25 -I/opt/homebrew/Cellar/ruby/3.4.7/include/ruby-3.4.0/ruby/backward -I/opt/homebrew/Cellar/ruby/3.4.7/include/ruby-3.4.0 -I. -I/opt/homebrew/opt/libyaml/include -I/opt/homebrew/opt/openssl@3/include -D_XOPEN_SOURCE -D_DARWIN_C_SOURCE -D_DARWIN_UNLIMITED_SELECT -D_REENTRANT   -fstack-protector-strong -U_FORTIFY_SOURCE -D_FORTIFY_SOURCE=2 -fdeclspec  -O3 -fno-fast-math -ggdb3 -Wall -Wextra -Wextra-tokens -Wdeprecated-declarations -Wdivision-by-zero -Wdiv-by-zero -Wimplicit-function-declaration -Wimplicit-int -Wpointer-arith -Wshorten-64-to-32 -Wwrite-strings -Wold-style-definition -Wmissing-noreturn -Wno-cast-function-type -Wno-constant-logical-operand -Wno-long-long -Wno-missing-field-initializers -Wno-overlength-strings -Wno-parentheses-equality -Wno-self-assign -Wno-tautological-compare -Wno-unused-parameter -Wno-unused-value -Wunused-variable -Wmisleading-indentation -Wundef -fno-common -pipe conftest.c -L. -L/opt/homebrew/Cellar/ruby/3.4.7/lib -L/opt/homebrew/opt/libyaml/lib -L/opt/homebrew/opt/openssl@3/lib -L. -fstack-protector-strong -L/opt/homebrew/Cellar/libyaml/0.2.5/lib -L/opt/homebrew/Cellar/openssl@3/3.6.0/lib  -arch arm64   -lruby.3.4  -lpthread  "
checked program was:
/* begin */
 1: #include "ruby.h"
 2: 
 3: /*top*/
 4: extern int t(void);
 5: int main(int argc, char **argv)
 6: {
 7:   if (argc > 1000000) {
 8:     int (* volatile tp)(void)=(int (*)(void))&t;
 9:     printf("%d", (*tp)());
10:   }
11: 
12:   return !!argv[argc];
13: }
14: extern void host_processor_info();
15: int t(void) { host_processor_info(); return 0; }
/* end */

--------------------

have_func: checking for mach_host_self()... -------------------- yes

DYLD_LIBRARY_PATH=.:/opt/homebrew/Cellar/ruby/3.4.7/lib ASAN_OPTIONS=detect_leaks=0 "clang -o conftest -I/opt/homebrew/Cellar/ruby/3.4.7/include/ruby-3.4.0/arm64-darwin25 -I/opt/homebrew/Cellar/ruby/3.4.7/include/ruby-3.4.0/ruby/backward -I/opt/homebrew/Cellar/ruby/3.4.7/include/ruby-3.4.0 -I. -I/opt/homebrew/opt/libyaml/include -I/opt/homebrew/opt/openssl@3/include -D_XOPEN_SOURCE -D_DARWIN_C_SOURCE -D_DARWIN_UNLIMITED_SELECT -D_REENTRANT   -fstack-protector-strong -U_FORTIFY_SOURCE -D_FORTIFY_SOURCE=2 -fdeclspec  -O3 -fno-fast-math -ggdb3 -Wall -Wextra -Wextra-tokens -Wdeprecated-declarations -Wdivision-by-zero -Wdiv-by-zero -Wimplicit-function-declaration -Wimplicit-int -Wpointer-arith -Wshorten-64-to-32 -Wwrite-strings -Wold-style-definition -Wmissing-noreturn -Wno-cast-function-type -Wno-constant-logical-operand -Wno-long-long -Wno-missing-field-initializers -Wno-overlength-strings -Wno-parentheses-equality -Wno-self-assign -Wno-tautological-compare -Wno-unused-parameter -Wno-unused-value -Wunused-variable -Wmisleading-indentation -Wundef -fno-common -pipe conftest.c -L. -L/opt/homebrew/Cellar/ruby/3.4.7/lib -L/opt/homebrew/opt/libyaml/lib -L/opt/homebrew/opt/openssl@3/lib -L. -fstack-protector-strong -L/opt/homebrew/Cellar/libyaml/0.2.5/lib -L/opt/homebrew/Cellar/openssl@3/3.6.0/lib  -arch arm64   -lruby.3.4  -lpthread  "
conftest.c:14:57: error: use of undeclared identifier 'mach_host_self'
   14 | int t(void) { void ((*volatile p)()); p = (void ((*)()))mach_host_self; return !p; }
      |                                                         ^
1 error generated.
checked program was:
/* begin */
 1: #include "ruby.h"
 2: 
 3: /*top*/
 4: extern int t(void);
 5: int main(int argc, char **argv)
 6: {
 7:   if (argc > 1000000) {
 8:     int (* volatile tp)(void)=(int (*)(void))&t;
 9:     printf("%d", (*tp)());
10:   }
11: 
12:   return !!argv[argc];
13: }
14: int t(void) { void ((*volatile p)()); p = (void ((*)()))mach_host_self; return !p; }
/* end */

DYLD_LIBRARY_PATH=.:/opt/homebrew/Cellar/ruby/3.4.7/lib ASAN_OPTIONS=detect_leaks=0 "clang -o conftest -I/opt/homebrew/Cellar/ruby/3.4.7/include/ruby-3.4.0/arm64-darwin25 -I/opt/homebrew/Cellar/ruby/3.4.7/include/ruby-3.4.0/ruby/backward -I/opt/homebrew/Cellar/ruby/3.4.7/include/ruby-3.4.0 -I. -I/opt/homebrew/opt/libyaml/include -I/opt/homebrew/opt/openssl@3/include -D_XOPEN_SOURCE -D_DARWIN_C_SOURCE -D_DARWIN_UNLIMITED_SELECT -D_REENTRANT   -fstack-protector-strong -U_FORTIFY_SOURCE -D_FORTIFY_SOURCE=2 -fdeclspec  -O3 -fno-fast-math -ggdb3 -Wall -Wextra -Wextra-tokens -Wdeprecated-declarations -Wdivision-by-zero -Wdiv-by-zero -Wimplicit-function-declaration -Wimplicit-int -Wpointer-arith -Wshorten-64-to-32 -Wwrite-strings -Wold-style-definition -Wmissing-noreturn -Wno-cast-function-type -Wno-constant-logical-operand -Wno-long-long -Wno-missing-field-initializers -Wno-overlength-strings -Wno-parentheses-equality -Wno-self-assign -Wno-tautological-compare -Wno-unused-parameter -Wno-unused-value -Wunused-variable -Wmisleading-indentation -Wundef -fno-common -pipe conftest.c -L. -L/opt/homebrew/Cellar/ruby/3.4.7/lib -L/opt/homebrew/opt/libyaml/lib -L/opt/homebrew/opt/openssl@3/lib -L. -fstack-protector-strong -L/opt/homebrew/Cellar/libyaml/0.2.5/lib -L/opt/homebrew/Cellar/openssl@3/3.6.0/lib  -arch arm64   -lruby.3.4  -lpthread  "
checked program was:
/* begin */
 1: #include "ruby.h"
 2: 
 3: /*top*/
 4: extern int t(void);
 5: int main(int argc, char **argv)
 6: {
 7:   if (argc > 1000000) {
 8:     int (* volatile tp)(void)=(int (*)(void))&t;
 9:     printf("%d", (*tp)());
10:   }
11: 
12:   return !!argv[argc];
13: }
14: extern void mach_host_self();
15: int t(void) { mach_host_self(); return 0; }
/* end */

--------------------

have_func: checking for mach_task_self()... -------------------- yes

DYLD_LIBRARY_PATH=.:/opt/homebrew/Cellar/ruby/3.4.7/lib ASAN_OPTIONS=detect_leaks=0 "clang -o conftest -I/opt/homebrew/Cellar/ruby/3.4.7/include/ruby-3.4.0/arm64-darwin25 -I/opt/homebrew/Cellar/ruby/3.4.7/include/ruby-3.4.0/ruby/backward -I/opt/homebrew/Cellar/ruby/3.4.7/include/ruby-3.4.0 -I. -I/opt/homebrew/opt/libyaml/include -I/opt/homebrew/opt/openssl@3/include -D_XOPEN_SOURCE -D_DARWIN_C_SOURCE -D_DARWIN_UNLIMITED_SELECT -D_REENTRANT   -fstack-protector-strong -U_FORTIFY_SOURCE -D_FORTIFY_SOURCE=2 -fdeclspec  -O3 -fno-fast-math -ggdb3 -Wall -Wextra -Wextra-tokens -Wdeprecated-declarations -Wdivision-by-zero -Wdiv-by-zero -Wimplicit-function-declaration -Wimplicit-int -Wpointer-arith -Wshorten-64-to-32 -Wwrite-strings -Wold-style-definition -Wmissing-noreturn -Wno-cast-function-type -Wno-constant-logical-operand -Wno-long-long -Wno-missing-field-initializers -Wno-overlength-strings -Wno-parentheses-equality -Wno-self-assign -Wno-tautological-compare -Wno-unused-parameter -Wno-unused-value -Wunused-variable -Wmisleading-indentation -Wundef -fno-common -pipe conftest.c -L. -L/opt/homebrew/Cellar/ruby/3.4.7/lib -L/opt/homebrew/opt/libyaml/lib -L/opt/homebrew/opt/openssl@3/lib -L. -fstack-protector-strong -L/opt/homebrew/Cellar/libyaml/0.2.5/lib -L/opt/homebrew/Cellar/openssl@3/3.6.0/lib  -arch arm64   -lruby.3.4  -lpthread  "
conftest.c:14:57: error: use of undeclared identifier 'mach_task_self'
   14 | int t(void) { void ((*volatile p)()); p = (void ((*)()))mach_task_self; return !p; }
      |                                                         ^
1 error generated.
checked program was:
/* begin */
 1: #include "ruby.h"
 2: 
 3: /*top*/
 4: extern int t(void);
 5: int main(int argc, char **argv)
 6: {
 7:   if (argc > 1000000) {
 8:     int (* volatile tp)(void)=(int (*)(void))&t;
 9:     printf("%d", (*tp)());
10:   }
11: 
12:   return !!argv[argc];
13: }
14: int t(void) { void ((*volatile p)()); p = (void ((*)()))mach_task_self; return !p; }
/* end */

DYLD_LIBRARY_PATH=.:/opt/homebrew/Cellar/ruby/3.4.7/lib ASAN_OPTIONS=detect_leaks=0 "clang -o conftest -I/opt/homebrew/Cellar/ruby/3.4.7/include/ruby-3.4.0/arm64-darwin25 -I/opt/homebrew/Cellar/ruby/3.4.7/include/ruby-3.4.0/ruby/backward -I/opt/homebrew/Cellar/ruby/3.4.7/include/ruby-3.4.0 -I. -I/opt/homebrew/opt/libyaml/include -I/opt/homebrew/opt/openssl@3/include -D_XOPEN_SOURCE -D_DARWIN_C_SOURCE -D_DARWIN_UNLIMITED_SELECT -D_REENTRANT   -fstack-protector-strong -U_FORTIFY_SOURCE -D_FORTIFY_SOURCE=2 -fdeclspec  -O3 -fno-fast-math -ggdb3 -Wall -Wextra -Wextra-tokens -Wdeprecated-declarations -Wdivision-by-zero -Wdiv-by-zero -Wimplicit-function-declaration -Wimplicit-int -Wpointer-arith -Wshorten-64-to-32 -Wwrite-strings -Wold-style-definition -Wmissing-noreturn -Wno-cast-function-type -Wno-constant-logical-operand -Wno-long-long -Wno-missing-field-initializers -Wno-overlength-strings -Wno-parentheses-equality -Wno-self-assign -Wno-tautological-compare -Wno-unused-parameter -Wno-unused-value -Wunused-variable -Wmisleading-indentation -Wundef -fno-common -pipe conftest.c -L. -L/opt/homebrew/Cellar/ruby/3.4.7/lib -L/opt/homebrew/opt/libyaml/lib -L/opt/homebrew/opt/openssl@3/lib -L. -fstack-protector-strong -L/opt/homebrew/Cellar/libyaml/0.2.5/lib -L/opt/homebrew/Cellar/openssl@3/3.6.0/lib  -arch arm64   -lruby.3.4  -lpthread  "
checked program was:
/* begin */
 1: #include "ruby.h"
 2: 
 3: /*top*/
 4: extern int t(void);
 5: int main(int argc, char **argv)
 6: {
 7:   if (argc > 1000000) {
 8:     int (* volatile tp)(void)=(int (*)(void))&t;
 9:     printf("%d", (*tp)());
10:   }
11: 
12:   return !!argv[argc];
13: }
14: extern void mach_task_self();
15: int t(void) { mach_task_self(); return 0; }
/* end */

--------------------

have_func: checking for vm_deallocate()... -------------------- yes

DYLD_LIBRARY_PATH=.:/opt/homebrew/Cellar/ruby/3.4.7/lib ASAN_OPTIONS=detect_leaks=0 "clang -o conftest -I/opt/homebrew/Cellar/ruby/3.4.7/include/ruby-3.4.0/arm64-darwin25 -I/opt/homebrew/Cellar/ruby/3.4.7/include/ruby-3.4.0/ruby/backward -I/opt/homebrew/Cellar/ruby/3.4.7/include/ruby-3.4.0 -I. -I/opt/homebrew/opt/libyaml/include -I/opt/homebrew/opt/openssl@3/include -D_XOPEN_SOURCE -D_DARWIN_C_SOURCE -D_DARWIN_UNLIMITED_SELECT -D_REENTRANT   -fstack-protector-strong -U_FORTIFY_SOURCE -D_FORTIFY_SOURCE=2 -fdeclspec  -O3 -fno-fast-math -ggdb3 -Wall -Wextra -Wextra-tokens -Wdeprecated-declarations -Wdivision-by-zero -Wdiv-by-zero -Wimplicit-function-declaration -Wimplicit-int -Wpointer-arith -Wshorten-64-to-32 -Wwrite-strings -Wold-style-definition -Wmissing-noreturn -Wno-cast-function-type -Wno-constant-logical-operand -Wno-long-long -Wno-missing-field-initializers -Wno-overlength-strings -Wno-parentheses-equality -Wno-self-assign -Wno-tautological-compare -Wno-unused-parameter -Wno-unused-value -Wunused-variable -Wmisleading-indentation -Wundef -fno-common -pipe conftest.c -L. -L/opt/homebrew/Cellar/ruby/3.4.7/lib -L/opt/homebrew/opt/libyaml/lib -L/opt/homebrew/opt/openssl@3/lib -L. -fstack-protector-strong -L/opt/homebrew/Cellar/libyaml/0.2.5/lib -L/opt/homebrew/Cellar/openssl@3/3.6.0/lib  -arch arm64   -lruby.3.4  -lpthread  "
conftest.c:14:57: error: use of undeclared identifier 'vm_deallocate'
   14 | int t(void) { void ((*volatile p)()); p = (void ((*)()))vm_deallocate; return !p; }
      |                                                         ^
1 error generated.
checked program was:
/* begin */
 1: #include "ruby.h"
 2: 
 3: /*top*/
 4: extern int t(void);
 5: int main(int argc, char **argv)
 6: {
 7:   if (argc > 1000000) {
 8:     int (* volatile tp)(void)=(int (*)(void))&t;
 9:     printf("%d", (*tp)());
10:   }
11: 
12:   return !!argv[argc];
13: }
14: int t(void) { void ((*volatile p)()); p = (void ((*)()))vm_deallocate; return !p; }
/* end */

DYLD_LIBRARY_PATH=.:/opt/homebrew/Cellar/ruby/3.4.7/lib ASAN_OPTIONS=detect_leaks=0 "clang -o conftest -I/opt/homebrew/Cellar/ruby/3.4.7/include/ruby-3.4.0/arm64-darwin25 -I/opt/homebrew/Cellar/ruby/3.4.7/include/ruby-3.4.0/ruby/backward -I/opt/homebrew/Cellar/ruby/3.4.7/include/ruby-3.4.0 -I. -I/opt/homebrew/opt/libyaml/include -I/opt/homebrew/opt/openssl@3/include -D_XOPEN_SOURCE -D_DARWIN_C_SOURCE -D_DARWIN_UNLIMITED_SELECT -D_REENTRANT   -fstack-protector-strong -U_FORTIFY_SOURCE -D_FORTIFY_SOURCE=2 -fdeclspec  -O3 -fno-fast-math -ggdb3 -Wall -Wextra -Wextra-tokens -Wdeprecated-declarations -Wdivision-by-zero -Wdiv-by-zero -Wimplicit-function-declaration -Wimplicit-int -Wpointer-arith -Wshorten-64-to-32 -Wwrite-strings -Wold-style-definition -Wmissing-noreturn -Wno-cast-function-type -Wno-constant-logical-operand -Wno-long-long -Wno-missing-field-initializers -Wno-overlength-strings -Wno-parentheses-equality -Wno-self-assign -Wno-tautological-compare -Wno-unused-parameter -Wno-unused-value -Wunused-variable -Wmisleading-indentation -Wundef -fno-common -pipe conftest.c -L. -L/opt/homebrew/Cellar/ruby/3.4.7/lib -L/opt/homebrew/opt/libyaml/lib -L/opt/homebrew/opt/openssl@3/lib -L. -fstack-protector-strong -L/opt/homebrew/Cellar/libyaml/0.2.5/lib -L/opt/homebrew/Cellar/openssl@3/3.6.0/lib  -arch arm64   -lruby.3.4  -lpthread  "
checked program was:
/* begin */
 1: #include "ruby.h"
 2: 
 3: /*top*/
 4: extern int t(void);
 5: int main(int argc, char **argv)
 6: {
 7:   if (argc > 1000000) {
 8:     int (* volatile tp)(void)=(int (*)(void))&t;
 9:     printf("%d", (*tp)());
10:   }
11: 
12:   return !!argv[argc];
13: }
14: extern void vm_deallocate();
15: int t(void) { vm_deallocate(); return 0; }
/* end */

--------------------

have_func: checking for mach_error_string()... -------------------- yes

DYLD_LIBRARY_PATH=.:/opt/homebrew/Cellar/ruby/3.4.7/lib ASAN_OPTIONS=detect_leaks=0 "clang -o conftest -I/opt/homebrew/Cellar/ruby/3.4.7/include/ruby-3.4.0/arm64-darwin25 -I/opt/homebrew/Cellar/ruby/3.4.7/include/ruby-3.4.0/ruby/backward -I/opt/homebrew/Cellar/ruby/3.4.7/include/ruby-3.4.0 -I. -I/opt/homebrew/opt/libyaml/include -I/opt/homebrew/opt/openssl@3/include -D_XOPEN_SOURCE -D_DARWIN_C_SOURCE -D_DARWIN_UNLIMITED_SELECT -D_REENTRANT   -fstack-protector-strong -U_FORTIFY_SOURCE -D_FORTIFY_SOURCE=2 -fdeclspec  -O3 -fno-fast-math -ggdb3 -Wall -Wextra -Wextra-tokens -Wdeprecated-declarations -Wdivision-by-zero -Wdiv-by-zero -Wimplicit-function-declaration -Wimplicit-int -Wpointer-arith -Wshorten-64-to-32 -Wwrite-strings -Wold-style-definition -Wmissing-noreturn -Wno-cast-function-type -Wno-constant-logical-operand -Wno-long-long -Wno-missing-field-initializers -Wno-overlength-strings -Wno-parentheses-equality -Wno-self-assign -Wno-tautological-compare -Wno-unused-parameter -Wno-unused-value -Wunused-variable -Wmisleading-indentation -Wundef -fno-common -pipe conftest.c -L. -L/opt/homebrew/Cellar/ruby/3.4.7/lib -L/opt/homebrew/opt/libyaml/lib -L/opt/homebrew/opt/openssl@3/lib -L. -fstack-protector-strong -L/opt/homebrew/Cellar/libyaml/0.2.5/lib -L/opt/homebrew/Cellar/openssl@3/3.6.0/lib  -arch arm64   -lruby.3.4  -lpthread  "
conftest.c:14:57: error: use of undeclared identifier 'mach_error_string'
   14 | int t(void) { void ((*volatile p)()); p = (void ((*)()))mach_error_string; return !p; }
      |                                                         ^
1 error generated.
checked program was:
/* begin */
 1: #include "ruby.h"
 2: 
 3: /*top*/
 4: extern int t(void);
 5: int main(int argc, char **argv)
 6: {
 7:   if (argc > 1000000) {
 8:     int (* volatile tp)(void)=(int (*)(void))&t;
 9:     printf("%d", (*tp)());
10:   }
11: 
12:   return !!argv[argc];
13: }
14: int t(void) { void ((*volatile p)()); p = (void ((*)()))mach_error_string; return !p; }
/* end */

DYLD_LIBRARY_PATH=.:/opt/homebrew/Cellar/ruby/3.4.7/lib ASAN_OPTIONS=detect_leaks=0 "clang -o conftest -I/opt/homebrew/Cellar/ruby/3.4.7/include/ruby-3.4.0/arm64-darwin25 -I/opt/homebrew/Cellar/ruby/3.4.7/include/ruby-3.4.0/ruby/backward -I/opt/homebrew/Cellar/ruby/3.4.7/include/ruby-3.4.0 -I. -I/opt/homebrew/opt/libyaml/include -I/opt/homebrew/opt/openssl@3/include -D_XOPEN_SOURCE -D_DARWIN_C_SOURCE -D_DARWIN_UNLIMITED_SELECT -D_REENTRANT   -fstack-protector-strong -U_FORTIFY_SOURCE -D_FORTIFY_SOURCE=2 -fdeclspec  -O3 -fno-fast-math -ggdb3 -Wall -Wextra -Wextra-tokens -Wdeprecated-declarations -Wdivision-by-zero -Wdiv-by-zero -Wimplicit-function-declaration -Wimplicit-int -Wpointer-arith -Wshorten-64-to-32 -Wwrite-strings -Wold-style-definition -Wmissing-noreturn -Wno-cast-function-type -Wno-constant-logical-operand -Wno-long-long -Wno-missing-field-initializers -Wno-overlength-strings -Wno-parentheses-equality -Wno-self-assign -Wno-tautological-compare -Wno-unused-parameter -Wno-unused-value -Wunused-variable -Wmisleading-indentation -Wundef -fno-common -pipe conftest.c -L. -L/opt/homebrew/Cellar/ruby/3.4.7/lib -L/opt/homebrew/opt/libyaml/lib -L/opt/homebrew/opt/openssl@3/lib -L. -fstack-protector-strong -L/opt/homebrew/Cellar/libyaml/0.2.5/lib -L/opt/homebrew/Cellar/openssl@3/3.6.0/lib  -arch arm64   -lruby.3.4  -lpthread  "
checked program was:
/* begin */
 1: #include "ruby.h"
 2: 
 3: /*top*/
 4: extern int t(void);
 5: int main(int argc, char **argv)
 6: {
 7:   if (argc > 1000000) {
 8:     int (* volatile tp)(void)=(int (*)(void))&t;
 9:     printf("%d", (*tp)());
10:   }
11: 
12:   return !!argv[argc];
13: }
14: extern void mach_error_string();
15: int t(void) { mach_error_string(); return 0; }
/* end */

--------------------

have_func: checking for task_info()... -------------------- yes

DYLD_LIBRARY_PATH=.:/opt/homebrew/Cellar/ruby/3.4.7/lib ASAN_OPTIONS=detect_leaks=0 "clang -o conftest -I/opt/homebrew/Cellar/ruby/3.4.7/include/ruby-3.4.0/arm64-darwin25 -I/opt/homebrew/Cellar/ruby/3.4.7/include/ruby-3.4.0/ruby/backward -I/opt/homebrew/Cellar/ruby/3.4.7/include/ruby-3.4.0 -I. -I/opt/homebrew/opt/libyaml/include -I/opt/homebrew/opt/openssl@3/include -D_XOPEN_SOURCE -D_DARWIN_C_SOURCE -D_DARWIN_UNLIMITED_SELECT -D_REENTRANT   -fstack-protector-strong -U_FORTIFY_SOURCE -D_FORTIFY_SOURCE=2 -fdeclspec  -O3 -fno-fast-math -ggdb3 -Wall -Wextra -Wextra-tokens -Wdeprecated-declarations -Wdivision-by-zero -Wdiv-by-zero -Wimplicit-function-declaration -Wimplicit-int -Wpointer-arith -Wshorten-64-to-32 -Wwrite-strings -Wold-style-definition -Wmissing-noreturn -Wno-cast-function-type -Wno-constant-logical-operand -Wno-long-long -Wno-missing-field-initializers -Wno-overlength-strings -Wno-parentheses-equality -Wno-self-assign -Wno-tautological-compare -Wno-unused-parameter -Wno-unused-value -Wunused-variable -Wmisleading-indentation -Wundef -fno-common -pipe conftest.c -L. -L/opt/homebrew/Cellar/ruby/3.4.7/lib -L/opt/homebrew/opt/libyaml/lib -L/opt/homebrew/opt/openssl@3/lib -L. -fstack-protector-strong -L/opt/homebrew/Cellar/libyaml/0.2.5/lib -L/opt/homebrew/Cellar/openssl@3/3.6.0/lib  -arch arm64   -lruby.3.4  -lpthread  "
conftest.c:14:57: error: use of undeclared identifier 'task_info'
   14 | int t(void) { void ((*volatile p)()); p = (void ((*)()))task_info; return !p; }
      |                                                         ^
1 error generated.
checked program was:
/* begin */
 1: #include "ruby.h"
 2: 
 3: /*top*/
 4: extern int t(void);
 5: int main(int argc, char **argv)
 6: {
 7:   if (argc > 1000000) {
 8:     int (* volatile tp)(void)=(int (*)(void))&t;
 9:     printf("%d", (*tp)());
10:   }
11: 
12:   return !!argv[argc];
13: }
14: int t(void) { void ((*volatile p)()); p = (void ((*)()))task_info; return !p; }
/* end */

DYLD_LIBRARY_PATH=.:/opt/homebrew/Cellar/ruby/3.4.7/lib ASAN_OPTIONS=detect_leaks=0 "clang -o conftest -I/opt/homebrew/Cellar/ruby/3.4.7/include/ruby-3.4.0/arm64-darwin25 -I/opt/homebrew/Cellar/ruby/3.4.7/include/ruby-3.4.0/ruby/backward -I/opt/homebrew/Cellar/ruby/3.4.7/include/ruby-3.4.0 -I. -I/opt/homebrew/opt/libyaml/include -I/opt/homebrew/opt/openssl@3/include -D_XOPEN_SOURCE -D_DARWIN_C_SOURCE -D_DARWIN_UNLIMITED_SELECT -D_REENTRANT   -fstack-protector-strong -U_FORTIFY_SOURCE -D_FORTIFY_SOURCE=2 -fdeclspec  -O3 -fno-fast-math -ggdb3 -Wall -Wextra -Wextra-tokens -Wdeprecated-declarations -Wdivision-by-zero -Wdiv-by-zero -Wimplicit-function-declaration -Wimplicit-int -Wpointer-arith -Wshorten-64-to-32 -Wwrite-strings -Wold-style-definition -Wmissing-noreturn -Wno-cast-function-type -Wno-constant-logical-operand -Wno-long-long -Wno-missing-field-initializers -Wno-overlength-strings -Wno-parentheses-equality -Wno-self-assign -Wno-tautological-compare -Wno-unused-parameter -Wno-unused-value -Wunused-variable -Wmisleading-indentation -Wundef -fno-common -pipe conftest.c -L. -L/opt/homebrew/Cellar/ruby/3.4.7/lib -L/opt/homebrew/opt/libyaml/lib -L/opt/homebrew/opt/openssl@3/lib -L. -fstack-protector-strong -L/opt/homebrew/Cellar/libyaml/0.2.5/lib -L/opt/homebrew/Cellar/openssl@3/3.6.0/lib  -arch arm64   -lruby.3.4  -lpthread  "
checked program was:
/* begin */
 1: #include "ruby.h"
 2: 
 3: /*top*/
 4: extern int t(void);
 5: int main(int argc, char **argv)
 6: {
 7:   if (argc > 1000000) {
 8:     int (* volatile tp)(void)=(int (*)(void))&t;
 9:     printf("%d", (*tp)());
10:   }
11: 
12:   return !!argv[argc];
13: }
14: extern void task_info();
15: int t(void) { task_info(); return 0; }
/* end */

--------------------

have_const: checking for KERN_SUCCESS in mach/mach.h,mach/mach_host.h... -------------------- yes

DYLD_LIBRARY_PATH=.:/opt/homebrew/Cellar/ruby/3.4.7/lib ASAN_OPTIONS=detect_leaks=0 "clang -I/opt/homebrew/Cellar/ruby/3.4.7/include/ruby-3.4.0/arm64-darwin25 -I/opt/homebrew/Cellar/ruby/3.4.7/include/ruby-3.4.0/ruby/backward -I/opt/homebrew/Cellar/ruby/3.4.7/include/ruby-3.4.0 -I. -I/opt/homebrew/opt/libyaml/include -I/opt/homebrew/opt/openssl@3/include -D_XOPEN_SOURCE -D_DARWIN_C_SOURCE -D_DARWIN_UNLIMITED_SELECT -D_REENTRANT   -fstack-protector-strong -U_FORTIFY_SOURCE -D_FORTIFY_SOURCE=2 -fdeclspec  -O3 -fno-fast-math -ggdb3 -Wall -Wextra -Wextra-tokens -Wdeprecated-declarations -Wdivision-by-zero -Wdiv-by-zero -Wimplicit-function-declaration -Wimplicit-int -Wpointer-arith -Wshorten-64-to-32 -Wwrite-strings -Wold-style-definition -Wmissing-noreturn -Wno-cast-function-type -Wno-constant-logical-operand -Wno-long-long -Wno-missing-field-initializers -Wno-overlength-strings -Wno-parentheses-equality -Wno-self-assign -Wno-tautological-compare -Wno-unused-parameter -Wno-unused-value -Wunused-variable -Wmisleading-indentation -Wundef -fno-common -pipe -arch arm64  -c conftest.c"
checked program was:
/* begin */
1: #include "ruby.h"
2: 
3: #include <mach/mach.h>
4: #include <mach/mach_host.h>
5: 
6: /*top*/
7: typedef int conftest_type;
8: conftest_type conftestval = (int)KERN_SUCCESS;
/* end */

--------------------

have_const: checking for TASK_BASIC_INFO in mach/mach.h,mach/mach_host.h... -------------------- yes

DYLD_LIBRARY_PATH=.:/opt/homebrew/Cellar/ruby/3.4.7/lib ASAN_OPTIONS=detect_leaks=0 "clang -I/opt/homebrew/Cellar/ruby/3.4.7/include/ruby-3.4.0/arm64-darwin25 -I/opt/homebrew/Cellar/ruby/3.4.7/include/ruby-3.4.0/ruby/backward -I/opt/homebrew/Cellar/ruby/3.4.7/include/ruby-3.4.0 -I. -I/opt/homebrew/opt/libyaml/include -I/opt/homebrew/opt/openssl@3/include -D_XOPEN_SOURCE -D_DARWIN_C_SOURCE -D_DARWIN_UNLIMITED_SELECT -D_REENTRANT   -fstack-protector-strong -U_FORTIFY_SOURCE -D_FORTIFY_SOURCE=2 -fdeclspec  -O3 -fno-fast-math -ggdb3 -Wall -Wextra -Wextra-tokens -Wdeprecated-declarations -Wdivision-by-zero -Wdiv-by-zero -Wimplicit-function-declaration -Wimplicit-int -Wpointer-arith -Wshorten-64-to-32 -Wwrite-strings -Wold-style-definition -Wmissing-noreturn -Wno-cast-function-type -Wno-constant-logical-operand -Wno-long-long -Wno-missing-field-initializers -Wno-overlength-strings -Wno-parentheses-equality -Wno-self-assign -Wno-tautological-compare -Wno-unused-parameter -Wno-unused-value -Wunused-variable -Wmisleading-indentation -Wundef -fno-common -pipe -arch arm64  -c conftest.c"
checked program was:
/* begin */
1: #include "ruby.h"
2: 
3: #include <mach/mach.h>
4: #include <mach/mach_host.h>
5: 
6: /*top*/
7: typedef int conftest_type;
8: conftest_type conftestval = (int)TASK_BASIC_INFO;
/* end */

--------------------

have_const: checking for HOST_VM_INFO in mach/mach.h,mach/mach_host.h... -------------------- yes

DYLD_LIBRARY_PATH=.:/opt/homebrew/Cellar/ruby/3.4.7/lib ASAN_OPTIONS=detect_leaks=0 "clang -I/opt/homebrew/Cellar/ruby/3.4.7/include/ruby-3.4.0/arm64-darwin25 -I/opt/homebrew/Cellar/ruby/3.4.7/include/ruby-3.4.0/ruby/backward -I/opt/homebrew/Cellar/ruby/3.4.7/include/ruby-3.4.0 -I. -I/opt/homebrew/opt/libyaml/include -I/opt/homebrew/opt/openssl@3/include -D_XOPEN_SOURCE -D_DARWIN_C_SOURCE -D_DARWIN_UNLIMITED_SELECT -D_REENTRANT   -fstack-protector-strong -U_FORTIFY_SOURCE -D_FORTIFY_SOURCE=2 -fdeclspec  -O3 -fno-fast-math -ggdb3 -Wall -Wextra -Wextra-tokens -Wdeprecated-declarations -Wdivision-by-zero -Wdiv-by-zero -Wimplicit-function-declaration -Wimplicit-int -Wpointer-arith -Wshorten-64-to-32 -Wwrite-strings -Wold-style-definition -Wmissing-noreturn -Wno-cast-function-type -Wno-constant-logical-operand -Wno-long-long -Wno-missing-field-initializers -Wno-overlength-strings -Wno-parentheses-equality -Wno-self-assign -Wno-tautological-compare -Wno-unused-parameter -Wno-unused-value -Wunused-variable -Wmisleading-indentation -Wundef -fno-common -pipe -arch arm64  -c conftest.c"
checked program was:
/* begin */
1: #include "ruby.h"
2: 
3: #include <mach/mach.h>
4: #include <mach/mach_host.h>
5: 
6: /*top*/
7: typedef int conftest_type;
8: conftest_type conftestval = (int)HOST_VM_INFO;
/* end */

--------------------

have_const: checking for CPU_STATE_MAX in mach/mach.h,mach/mach_host.h... -------------------- yes

DYLD_LIBRARY_PATH=.:/opt/homebrew/Cellar/ruby/3.4.7/lib ASAN_OPTIONS=detect_leaks=0 "clang -I/opt/homebrew/Cellar/ruby/3.4.7/include/ruby-3.4.0/arm64-darwin25 -I/opt/homebrew/Cellar/ruby/3.4.7/include/ruby-3.4.0/ruby/backward -I/opt/homebrew/Cellar/ruby/3.4.7/include/ruby-3.4.0 -I. -I/opt/homebrew/opt/libyaml/include -I/opt/homebrew/opt/openssl@3/include -D_XOPEN_SOURCE -D_DARWIN_C_SOURCE -D_DARWIN_UNLIMITED_SELECT -D_REENTRANT   -fstack-protector-strong -U_FORTIFY_SOURCE -D_FORTIFY_SOURCE=2 -fdeclspec  -O3 -fno-fast-math -ggdb3 -Wall -Wextra -Wextra-tokens -Wdeprecated-declarations -Wdivision-by-zero -Wdiv-by-zero -Wimplicit-function-declaration -Wimplicit-int -Wpointer-arith -Wshorten-64-to-32 -Wwrite-strings -Wold-style-definition -Wmissing-noreturn -Wno-cast-function-type -Wno-constant-logical-operand -Wno-long-long -Wno-missing-field-initializers -Wno-overlength-strings -Wno-parentheses-equality -Wno-self-assign -Wno-tautological-compare -Wno-unused-parameter -Wno-unused-value -Wunused-variable -Wmisleading-indentation -Wundef -fno-common -pipe -arch arm64  -c conftest.c"
checked program was:
/* begin */
1: #include "ruby.h"
2: 
3: #include <mach/mach.h>
4: #include <mach/mach_host.h>
5: 
6: /*top*/
7: typedef int conftest_type;
8: conftest_type conftestval = (int)CPU_STATE_MAX;
/* end */

--------------------

have_const: checking for PROCESSOR_CPU_LOAD_INFO in mach/mach.h,mach/mach_host.h... -------------------- yes

DYLD_LIBRARY_PATH=.:/opt/homebrew/Cellar/ruby/3.4.7/lib ASAN_OPTIONS=detect_leaks=0 "clang -I/opt/homebrew/Cellar/ruby/3.4.7/include/ruby-3.4.0/arm64-darwin25 -I/opt/homebrew/Cellar/ruby/3.4.7/include/ruby-3.4.0/ruby/backward -I/opt/homebrew/Cellar/ruby/3.4.7/include/ruby-3.4.0 -I. -I/opt/homebrew/opt/libyaml/include -I/opt/homebrew/opt/openssl@3/include -D_XOPEN_SOURCE -D_DARWIN_C_SOURCE -D_DARWIN_UNLIMITED_SELECT -D_REENTRANT   -fstack-protector-strong -U_FORTIFY_SOURCE -D_FORTIFY_SOURCE=2 -fdeclspec  -O3 -fno-fast-math -ggdb3 -Wall -Wextra -Wextra-tokens -Wdeprecated-declarations -Wdivision-by-zero -Wdiv-by-zero -Wimplicit-function-declaration -Wimplicit-int -Wpointer-arith -Wshorten-64-to-32 -Wwrite-strings -Wold-style-definition -Wmissing-noreturn -Wno-cast-function-type -Wno-constant-logical-operand -Wno-long-long -Wno-missing-field-initializers -Wno-overlength-strings -Wno-parentheses-equality -Wno-self-assign -Wno-tautological-compare -Wno-unused-parameter -Wno-unused-value -Wunused-variable -Wmisleading-indentation -Wundef -fno-common -pipe -arch arm64  -c conftest.c"
checked program was:
/* begin */
1: #include "ruby.h"
2: 
3: #include <mach/mach.h>
4: #include <mach/mach_host.h>
5: 
6: /*top*/
7: typedef int conftest_type;
8: conftest_type conftestval = (int)PROCESSOR_CPU_LOAD_INFO;
/* end */

--------------------

have_const: checking for CPU_STATE_USER in mach/mach.h,mach/mach_host.h... -------------------- yes

DYLD_LIBRARY_PATH=.:/opt/homebrew/Cellar/ruby/3.4.7/lib ASAN_OPTIONS=detect_leaks=0 "clang -I/opt/homebrew/Cellar/ruby/3.4.7/include/ruby-3.4.0/arm64-darwin25 -I/opt/homebrew/Cellar/ruby/3.4.7/include/ruby-3.4.0/ruby/backward -I/opt/homebrew/Cellar/ruby/3.4.7/include/ruby-3.4.0 -I. -I/opt/homebrew/opt/libyaml/include -I/opt/homebrew/opt/openssl@3/include -D_XOPEN_SOURCE -D_DARWIN_C_SOURCE -D_DARWIN_UNLIMITED_SELECT -D_REENTRANT   -fstack-protector-strong -U_FORTIFY_SOURCE -D_FORTIFY_SOURCE=2 -fdeclspec  -O3 -fno-fast-math -ggdb3 -Wall -Wextra -Wextra-tokens -Wdeprecated-declarations -Wdivision-by-zero -Wdiv-by-zero -Wimplicit-function-declaration -Wimplicit-int -Wpointer-arith -Wshorten-64-to-32 -Wwrite-strings -Wold-style-definition -Wmissing-noreturn -Wno-cast-function-type -Wno-constant-logical-operand -Wno-long-long -Wno-missing-field-initializers -Wno-overlength-strings -Wno-parentheses-equality -Wno-self-assign -Wno-tautological-compare -Wno-unused-parameter -Wno-unused-value -Wunused-variable -Wmisleading-indentation -Wundef -fno-common -pipe -arch arm64  -c conftest.c"
checked program was:
/* begin */
1: #include "ruby.h"
2: 
3: #include <mach/mach.h>
4: #include <mach/mach_host.h>
5: 
6: /*top*/
7: typedef int conftest_type;
8: conftest_type conftestval = (int)CPU_STATE_USER;
/* end */

--------------------

have_const: checking for CPU_STATE_SYSTEM in mach/mach.h,mach/mach_host.h... -------------------- yes

DYLD_LIBRARY_PATH=.:/opt/homebrew/Cellar/ruby/3.4.7/lib ASAN_OPTIONS=detect_leaks=0 "clang -I/opt/homebrew/Cellar/ruby/3.4.7/include/ruby-3.4.0/arm64-darwin25 -I/opt/homebrew/Cellar/ruby/3.4.7/include/ruby-3.4.0/ruby/backward -I/opt/homebrew/Cellar/ruby/3.4.7/include/ruby-3.4.0 -I. -I/opt/homebrew/opt/libyaml/include -I/opt/homebrew/opt/openssl@3/include -D_XOPEN_SOURCE -D_DARWIN_C_SOURCE -D_DARWIN_UNLIMITED_SELECT -D_REENTRANT   -fstack-protector-strong -U_FORTIFY_SOURCE -D_FORTIFY_SOURCE=2 -fdeclspec  -O3 -fno-fast-math -ggdb3 -Wall -Wextra -Wextra-tokens -Wdeprecated-declarations -Wdivision-by-zero -Wdiv-by-zero -Wimplicit-function-declaration -Wimplicit-int -Wpointer-arith -Wshorten-64-to-32 -Wwrite-strings -Wold-style-definition -Wmissing-noreturn -Wno-cast-function-type -Wno-constant-logical-operand -Wno-long-long -Wno-missing-field-initializers -Wno-overlength-strings -Wno-parentheses-equality -Wno-self-assign -Wno-tautological-compare -Wno-unused-parameter -Wno-unused-value -Wunused-variable -Wmisleading-indentation -Wundef -fno-common -pipe -arch arm64  -c conftest.c"
checked program was:
/* begin */
1: #include "ruby.h"
2: 
3: #include <mach/mach.h>
4: #include <mach/mach_host.h>
5: 
6: /*top*/
7: typedef int conftest_type;
8: conftest_type conftestval = (int)CPU_STATE_SYSTEM;
/* end */

--------------------

have_const: checking for CPU_STATE_NICE in mach/mach.h,mach/mach_host.h... -------------------- yes

DYLD_LIBRARY_PATH=.:/opt/homebrew/Cellar/ruby/3.4.7/lib ASAN_OPTIONS=detect_leaks=0 "clang -I/opt/homebrew/Cellar/ruby/3.4.7/include/ruby-3.4.0/arm64-darwin25 -I/opt/homebrew/Cellar/ruby/3.4.7/include/ruby-3.4.0/ruby/backward -I/opt/homebrew/Cellar/ruby/3.4.7/include/ruby-3.4.0 -I. -I/opt/homebrew/opt/libyaml/include -I/opt/homebrew/opt/openssl@3/include -D_XOPEN_SOURCE -D_DARWIN_C_SOURCE -D_DARWIN_UNLIMITED_SELECT -D_REENTRANT   -fstack-protector-strong -U_FORTIFY_SOURCE -D_FORTIFY_SOURCE=2 -fdeclspec  -O3 -fno-fast-math -ggdb3 -Wall -Wextra -Wextra-tokens -Wdeprecated-declarations -Wdivision-by-zero -Wdiv-by-zero -Wimplicit-function-declaration -Wimplicit-int -Wpointer-arith -Wshorten-64-to-32 -Wwrite-strings -Wold-style-definition -Wmissing-noreturn -Wno-cast-function-type -Wno-constant-logical-operand -Wno-long-long -Wno-missing-field-initializers -Wno-overlength-strings -Wno-parentheses-equality -Wno-self-assign -Wno-tautological-compare -Wno-unused-parameter -Wno-unused-value -Wunused-variable -Wmisleading-indentation -Wundef -fno-common -pipe -arch arm64  -c conftest.c"
checked program was:
/* begin */
1: #include "ruby.h"
2: 
3: #include <mach/mach.h>
4: #include <mach/mach_host.h>
5: 
6: /*top*/
7: typedef int conftest_type;
8: conftest_type conftestval = (int)CPU_STATE_NICE;
/* end */

--------------------

have_const: checking for CPU_STATE_IDLE in mach/mach.h,mach/mach_host.h... -------------------- yes

DYLD_LIBRARY_PATH=.:/opt/homebrew/Cellar/ruby/3.4.7/lib ASAN_OPTIONS=detect_leaks=0 "clang -I/opt/homebrew/Cellar/ruby/3.4.7/include/ruby-3.4.0/arm64-darwin25 -I/opt/homebrew/Cellar/ruby/3.4.7/include/ruby-3.4.0/ruby/backward -I/opt/homebrew/Cellar/ruby/3.4.7/include/ruby-3.4.0 -I. -I/opt/homebrew/opt/libyaml/include -I/opt/homebrew/opt/openssl@3/include -D_XOPEN_SOURCE -D_DARWIN_C_SOURCE -D_DARWIN_UNLIMITED_SELECT -D_REENTRANT   -fstack-protector-strong -U_FORTIFY_SOURCE -D_FORTIFY_SOURCE=2 -fdeclspec  -O3 -fno-fast-math -ggdb3 -Wall -Wextra -Wextra-tokens -Wdeprecated-declarations -Wdivision-by-zero -Wdiv-by-zero -Wimplicit-function-declaration -Wimplicit-int -Wpointer-arith -Wshorten-64-to-32 -Wwrite-strings -Wold-style-definition -Wmissing-noreturn -Wno-cast-function-type -Wno-constant-logical-operand -Wno-long-long -Wno-missing-field-initializers -Wno-overlength-strings -Wno-parentheses-equality -Wno-self-assign -Wno-tautological-compare -Wno-unused-parameter -Wno-unused-value -Wunused-variable -Wmisleading-indentation -Wundef -fno-common -pipe -arch arm64  -c conftest.c"
checked program was:
/* begin */
1: #include "ruby.h"
2: 
3: #include <mach/mach.h>
4: #include <mach/mach_host.h>
5: 
6: /*top*/
7: typedef int conftest_type;
8: conftest_type conftestval = (int)CPU_STATE_IDLE;
/* end */

--------------------

have_header: checking for sys/param.h... -------------------- yes

DYLD_LIBRARY_PATH=.:/opt/homebrew/Cellar/ruby/3.4.7/lib ASAN_OPTIONS=detect_leaks=0 "clang -I/opt/homebrew/Cellar/ruby/3.4.7/include/ruby-3.4.0/arm64-darwin25 -I/opt/homebrew/Cellar/ruby/3.4.7/include/ruby-3.4.0/ruby/backward -I/opt/homebrew/Cellar/ruby/3.4.7/include/ruby-3.4.0 -I. -I/opt/homebrew/opt/libyaml/include -I/opt/homebrew/opt/openssl@3/include -D_XOPEN_SOURCE -D_DARWIN_C_SOURCE -D_DARWIN_UNLIMITED_SELECT -D_REENTRANT   -fstack-protector-strong -U_FORTIFY_SOURCE -D_FORTIFY_SOURCE=2 -fdeclspec  -O3 -fno-fast-math -ggdb3 -Wall -Wextra -Wextra-tokens -Wdeprecated-declarations -Wdivision-by-zero -Wdiv-by-zero -Wimplicit-function-declaration -Wimplicit-int -Wpointer-arith -Wshorten-64-to-32 -Wwrite-strings -Wold-style-definition -Wmissing-noreturn -Wno-cast-function-type -Wno-constant-logical-operand -Wno-long-long -Wno-missing-field-initializers -Wno-overlength-strings -Wno-parentheses-equality -Wno-self-assign -Wno-tautological-compare -Wno-unused-parameter -Wno-unused-value -Wunused-variable -Wmisleading-indentation -Wundef -fno-common -pipe -arch arm64  -c conftest.c"
checked program was:
/* begin */
1: #include "ruby.h"
2: 
3: #include <sys/param.h>
/* end */

--------------------

have_header: checking for sys/mount.h... -------------------- yes

DYLD_LIBRARY_PATH=.:/opt/homebrew/Cellar/ruby/3.4.7/lib ASAN_OPTIONS=detect_leaks=0 "clang -I/opt/homebrew/Cellar/ruby/3.4.7/include/ruby-3.4.0/arm64-darwin25 -I/opt/homebrew/Cellar/ruby/3.4.7/include/ruby-3.4.0/ruby/backward -I/opt/homebrew/Cellar/ruby/3.4.7/include/ruby-3.4.0 -I. -I/opt/homebrew/opt/libyaml/include -I/opt/homebrew/opt/openssl@3/include -D_XOPEN_SOURCE -D_DARWIN_C_SOURCE -D_DARWIN_UNLIMITED_SELECT -D_REENTRANT   -fstack-protector-strong -U_FORTIFY_SOURCE -D_FORTIFY_SOURCE=2 -fdeclspec  -O3 -fno-fast-math -ggdb3 -Wall -Wextra -Wextra-tokens -Wdeprecated-declarations -Wdivision-by-zero -Wdiv-by-zero -Wimplicit-function-declaration -Wimplicit-int -Wpointer-arith -Wshorten-64-to-32 -Wwrite-strings -Wold-style-definition -Wmissing-noreturn -Wno-cast-function-type -Wno-constant-logical-operand -Wno-long-long -Wno-missing-field-initializers -Wno-overlength-strings -Wno-parentheses-equality -Wno-self-assign -Wno-tautological-compare -Wno-unused-parameter -Wno-unused-value -Wunused-variable -Wmisleading-indentation -Wundef -fno-common -pipe -arch arm64  -c conftest.c"
checked program was:
/* begin */
1: #include "ruby.h"
2: 
3: #include <sys/mount.h>
/* end */

--------------------

have_header: checking for sys/statfs.h... -------------------- no

DYLD_LIBRARY_PATH=.:/opt/homebrew/Cellar/ruby/3.4.7/lib ASAN_OPTIONS=detect_leaks=0 "clang -I/opt/homebrew/Cellar/ruby/3.4.7/include/ruby-3.4.0/arm64-darwin25 -I/opt/homebrew/Cellar/ruby/3.4.7/include/ruby-3.4.0/ruby/backward -I/opt/homebrew/Cellar/ruby/3.4.7/include/ruby-3.4.0 -I. -I/opt/homebrew/opt/libyaml/include -I/opt/homebrew/opt/openssl@3/include -D_XOPEN_SOURCE -D_DARWIN_C_SOURCE -D_DARWIN_UNLIMITED_SELECT -D_REENTRANT   -fstack-protector-strong -U_FORTIFY_SOURCE -D_FORTIFY_SOURCE=2 -fdeclspec  -O3 -fno-fast-math -ggdb3 -Wall -Wextra -Wextra-tokens -Wdeprecated-declarations -Wdivision-by-zero -Wdiv-by-zero -Wimplicit-function-declaration -Wimplicit-int -Wpointer-arith -Wshorten-64-to-32 -Wwrite-strings -Wold-style-definition -Wmissing-noreturn -Wno-cast-function-type -Wno-constant-logical-operand -Wno-long-long -Wno-missing-field-initializers -Wno-overlength-strings -Wno-parentheses-equality -Wno-self-assign -Wno-tautological-compare -Wno-unused-parameter -Wno-unused-value -Wunused-variable -Wmisleading-indentation -Wundef -fno-common -pipe -arch arm64  -c conftest.c"
conftest.c:3:10: fatal error: 'sys/statfs.h' file not found
    3 | #include <sys/statfs.h>
      |          ^~~~~~~~~~~~~~
1 error generated.
checked program was:
/* begin */
1: #include "ruby.h"
2: 
3: #include <sys/statfs.h>
/* end */

--------------------

have_func: checking for statfs()... -------------------- yes

DYLD_LIBRARY_PATH=.:/opt/homebrew/Cellar/ruby/3.4.7/lib ASAN_OPTIONS=detect_leaks=0 "clang -o conftest -I/opt/homebrew/Cellar/ruby/3.4.7/include/ruby-3.4.0/arm64-darwin25 -I/opt/homebrew/Cellar/ruby/3.4.7/include/ruby-3.4.0/ruby/backward -I/opt/homebrew/Cellar/ruby/3.4.7/include/ruby-3.4.0 -I. -I/opt/homebrew/opt/libyaml/include -I/opt/homebrew/opt/openssl@3/include -D_XOPEN_SOURCE -D_DARWIN_C_SOURCE -D_DARWIN_UNLIMITED_SELECT -D_REENTRANT   -fstack-protector-strong -U_FORTIFY_SOURCE -D_FORTIFY_SOURCE=2 -fdeclspec  -O3 -fno-fast-math -ggdb3 -Wall -Wextra -Wextra-tokens -Wdeprecated-declarations -Wdivision-by-zero -Wdiv-by-zero -Wimplicit-function-declaration -Wimplicit-int -Wpointer-arith -Wshorten-64-to-32 -Wwrite-strings -Wold-style-definition -Wmissing-noreturn -Wno-cast-function-type -Wno-constant-logical-operand -Wno-long-long -Wno-missing-field-initializers -Wno-overlength-strings -Wno-parentheses-equality -Wno-self-assign -Wno-tautological-compare -Wno-unused-parameter -Wno-unused-value -Wunused-variable -Wmisleading-indentation -Wundef -fno-common -pipe conftest.c -L. -L/opt/homebrew/Cellar/ruby/3.4.7/lib -L/opt/homebrew/opt/libyaml/lib -L/opt/homebrew/opt/openssl@3/lib -L. -fstack-protector-strong -L/opt/homebrew/Cellar/libyaml/0.2.5/lib -L/opt/homebrew/Cellar/openssl@3/3.6.0/lib  -arch arm64   -lruby.3.4  -lpthread  "
conftest.c:14:57: error: use of undeclared identifier 'statfs'; did you mean 'static'?
   14 | int t(void) { void ((*volatile p)()); p = (void ((*)()))statfs; return !p; }
      |                                                         ^~~~~~
      |                                                         static
conftest.c:14:57: error: expected expression
2 errors generated.
checked program was:
/* begin */
 1: #include "ruby.h"
 2: 
 3: /*top*/
 4: extern int t(void);
 5: int main(int argc, char **argv)
 6: {
 7:   if (argc > 1000000) {
 8:     int (* volatile tp)(void)=(int (*)(void))&t;
 9:     printf("%d", (*tp)());
10:   }
11: 
12:   return !!argv[argc];
13: }
14: int t(void) { void ((*volatile p)()); p = (void ((*)()))statfs; return !p; }
/* end */

DYLD_LIBRARY_PATH=.:/opt/homebrew/Cellar/ruby/3.4.7/lib ASAN_OPTIONS=detect_leaks=0 "clang -o conftest -I/opt/homebrew/Cellar/ruby/3.4.7/include/ruby-3.4.0/arm64-darwin25 -I/opt/homebrew/Cellar/ruby/3.4.7/include/ruby-3.4.0/ruby/backward -I/opt/homebrew/Cellar/ruby/3.4.7/include/ruby-3.4.0 -I. -I/opt/homebrew/opt/libyaml/include -I/opt/homebrew/opt/openssl@3/include -D_XOPEN_SOURCE -D_DARWIN_C_SOURCE -D_DARWIN_UNLIMITED_SELECT -D_REENTRANT   -fstack-protector-strong -U_FORTIFY_SOURCE -D_FORTIFY_SOURCE=2 -fdeclspec  -O3 -fno-fast-math -ggdb3 -Wall -Wextra -Wextra-tokens -Wdeprecated-declarations -Wdivision-by-zero -Wdiv-by-zero -Wimplicit-function-declaration -Wimplicit-int -Wpointer-arith -Wshorten-64-to-32 -Wwrite-strings -Wold-style-definition -Wmissing-noreturn -Wno-cast-function-type -Wno-constant-logical-operand -Wno-long-long -Wno-missing-field-initializers -Wno-overlength-strings -Wno-parentheses-equality -Wno-self-assign -Wno-tautological-compare -Wno-unused-parameter -Wno-unused-value -Wunused-variable -Wmisleading-indentation -Wundef -fno-common -pipe conftest.c -L. -L/opt/homebrew/Cellar/ruby/3.4.7/lib -L/opt/homebrew/opt/libyaml/lib -L/opt/homebrew/opt/openssl@3/lib -L. -fstack-protector-strong -L/opt/homebrew/Cellar/libyaml/0.2.5/lib -L/opt/homebrew/Cellar/openssl@3/3.6.0/lib  -arch arm64   -lruby.3.4  -lpthread  "
checked program was:
/* begin */
 1: #include "ruby.h"
 2: 
 3: /*top*/
 4: extern int t(void);
 5: int main(int argc, char **argv)
 6: {
 7:   if (argc > 1000000) {
 8:     int (* volatile tp)(void)=(int (*)(void))&t;
 9:     printf("%d", (*tp)());
10:   }
11: 
12:   return !!argv[argc];
13: }
14: extern void statfs();
15: int t(void) { statfs(); return 0; }
/* end */

--------------------

have_struct_member: checking for struct statfs.f_type in sys/param.h,sys/mount.h,sys/statfs.h... -------------------- no

DYLD_LIBRARY_PATH=.:/opt/homebrew/Cellar/ruby/3.4.7/lib ASAN_OPTIONS=detect_leaks=0 "clang -I/opt/homebrew/Cellar/ruby/3.4.7/include/ruby-3.4.0/arm64-darwin25 -I/opt/homebrew/Cellar/ruby/3.4.7/include/ruby-3.4.0/ruby/backward -I/opt/homebrew/Cellar/ruby/3.4.7/include/ruby-3.4.0 -I. -I/opt/homebrew/opt/libyaml/include -I/opt/homebrew/opt/openssl@3/include -D_XOPEN_SOURCE -D_DARWIN_C_SOURCE -D_DARWIN_UNLIMITED_SELECT -D_REENTRANT   -fstack-protector-strong -U_FORTIFY_SOURCE -D_FORTIFY_SOURCE=2 -fdeclspec  -O3 -fno-fast-math -ggdb3 -Wall -Wextra -Wextra-tokens -Wdeprecated-declarations -Wdivision-by-zero -Wdiv-by-zero -Wimplicit-function-declaration -Wimplicit-int -Wpointer-arith -Wshorten-64-to-32 -Wwrite-strings -Wold-style-definition -Wmissing-noreturn -Wno-cast-function-type -Wno-constant-logical-operand -Wno-long-long -Wno-missing-field-initializers -Wno-overlength-strings -Wno-parentheses-equality -Wno-self-assign -Wno-tautological-compare -Wno-unused-parameter -Wno-unused-value -Wunused-variable -Wmisleading-indentation -Wundef -fno-common -pipe -arch arm64  -c conftest.c"
conftest.c:5:10: fatal error: 'sys/statfs.h' file not found
    5 | #include <sys/statfs.h>
      |          ^~~~~~~~~~~~~~
1 error generated.
checked program was:
/* begin */
 1: #include "ruby.h"
 2: 
 3: #include <sys/param.h>
 4: #include <sys/mount.h>
 5: #include <sys/statfs.h>
 6: 
 7: /*top*/
 8: int s = (char *)&((struct statfs*)0)->f_type - (char *)0;
 9: int main(int argc, char **argv)
10: {
11:   return !!argv[argc];
12: }
/* end */

--------------------

have_struct_member: checking for struct statfs.f_fstypename in sys/param.h,sys/mount.h... -------------------- yes

DYLD_LIBRARY_PATH=.:/opt/homebrew/Cellar/ruby/3.4.7/lib ASAN_OPTIONS=detect_leaks=0 "clang -I/opt/homebrew/Cellar/ruby/3.4.7/include/ruby-3.4.0/arm64-darwin25 -I/opt/homebrew/Cellar/ruby/3.4.7/include/ruby-3.4.0/ruby/backward -I/opt/homebrew/Cellar/ruby/3.4.7/include/ruby-3.4.0 -I. -I/opt/homebrew/opt/libyaml/include -I/opt/homebrew/opt/openssl@3/include -D_XOPEN_SOURCE -D_DARWIN_C_SOURCE -D_DARWIN_UNLIMITED_SELECT -D_REENTRANT   -fstack-protector-strong -U_FORTIFY_SOURCE -D_FORTIFY_SOURCE=2 -fdeclspec  -O3 -fno-fast-math -ggdb3 -Wall -Wextra -Wextra-tokens -Wdeprecated-declarations -Wdivision-by-zero -Wdiv-by-zero -Wimplicit-function-declaration -Wimplicit-int -Wpointer-arith -Wshorten-64-to-32 -Wwrite-strings -Wold-style-definition -Wmissing-noreturn -Wno-cast-function-type -Wno-constant-logical-operand -Wno-long-long -Wno-missing-field-initializers -Wno-overlength-strings -Wno-parentheses-equality -Wno-self-assign -Wno-tautological-compare -Wno-unused-parameter -Wno-unused-value -Wunused-variable -Wmisleading-indentation -Wundef -fno-common -pipe -arch arm64  -c conftest.c"
conftest.c:7:52: warning: performing pointer subtraction with a null pointer has undefined behavior [-Wnull-pointer-subtraction]
    7 | int s = (char *)&((struct statfs*)0)->f_fstypename - (char *)0;
      |                                                    ^ ~~~~~~~~~
1 warning generated.
checked program was:
/* begin */
 1: #include "ruby.h"
 2: 
 3: #include <sys/param.h>
 4: #include <sys/mount.h>
 5: 
 6: /*top*/
 7: int s = (char *)&((struct statfs*)0)->f_fstypename - (char *)0;
 8: int main(int argc, char **argv)
 9: {
10:   return !!argv[argc];
11: }
/* end */

--------------------

have_func: checking for statvfs() in sys/types.h,sys/statvfs.h... -------------------- yes

DYLD_LIBRARY_PATH=.:/opt/homebrew/Cellar/ruby/3.4.7/lib ASAN_OPTIONS=detect_leaks=0 "clang -o conftest -I/opt/homebrew/Cellar/ruby/3.4.7/include/ruby-3.4.0/arm64-darwin25 -I/opt/homebrew/Cellar/ruby/3.4.7/include/ruby-3.4.0/ruby/backward -I/opt/homebrew/Cellar/ruby/3.4.7/include/ruby-3.4.0 -I. -I/opt/homebrew/opt/libyaml/include -I/opt/homebrew/opt/openssl@3/include -D_XOPEN_SOURCE -D_DARWIN_C_SOURCE -D_DARWIN_UNLIMITED_SELECT -D_REENTRANT   -fstack-protector-strong -U_FORTIFY_SOURCE -D_FORTIFY_SOURCE=2 -fdeclspec  -O3 -fno-fast-math -ggdb3 -Wall -Wextra -Wextra-tokens -Wdeprecated-declarations -Wdivision-by-zero -Wdiv-by-zero -Wimplicit-function-declaration -Wimplicit-int -Wpointer-arith -Wshorten-64-to-32 -Wwrite-strings -Wold-style-definition -Wmissing-noreturn -Wno-cast-function-type -Wno-constant-logical-operand -Wno-long-long -Wno-missing-field-initializers -Wno-overlength-strings -Wno-parentheses-equality -Wno-self-assign -Wno-tautological-compare -Wno-unused-parameter -Wno-unused-value -Wunused-variable -Wmisleading-indentation -Wundef -fno-common -pipe conftest.c -L. -L/opt/homebrew/Cellar/ruby/3.4.7/lib -L/opt/homebrew/opt/libyaml/lib -L/opt/homebrew/opt/openssl@3/lib -L. -fstack-protector-strong -L/opt/homebrew/Cellar/libyaml/0.2.5/lib -L/opt/homebrew/Cellar/openssl@3/3.6.0/lib  -arch arm64   -lruby.3.4  -lpthread  "
checked program was:
/* begin */
 1: #include "ruby.h"
 2: 
 3: #include <sys/types.h>
 4: #include <sys/statvfs.h>
 5: 
 6: /*top*/
 7: extern int t(void);
 8: int main(int argc, char **argv)
 9: {
10:   if (argc > 1000000) {
11:     int (* volatile tp)(void)=(int (*)(void))&t;
12:     printf("%d", (*tp)());
13:   }
14: 
15:   return !!argv[argc];
16: }
17: int t(void) { void ((*volatile p)()); p = (void ((*)()))statvfs; return !p; }
/* end */

--------------------

have_struct_member: checking for struct statvfs.f_basetype in sys/types.h,sys/statvfs.h... -------------------- no

DYLD_LIBRARY_PATH=.:/opt/homebrew/Cellar/ruby/3.4.7/lib ASAN_OPTIONS=detect_leaks=0 "clang -I/opt/homebrew/Cellar/ruby/3.4.7/include/ruby-3.4.0/arm64-darwin25 -I/opt/homebrew/Cellar/ruby/3.4.7/include/ruby-3.4.0/ruby/backward -I/opt/homebrew/Cellar/ruby/3.4.7/include/ruby-3.4.0 -I. -I/opt/homebrew/opt/libyaml/include -I/opt/homebrew/opt/openssl@3/include -D_XOPEN_SOURCE -D_DARWIN_C_SOURCE -D_DARWIN_UNLIMITED_SELECT -D_REENTRANT   -fstack-protector-strong -U_FORTIFY_SOURCE -D_FORTIFY_SOURCE=2 -fdeclspec  -O3 -fno-fast-math -ggdb3 -Wall -Wextra -Wextra-tokens -Wdeprecated-declarations -Wdivision-by-zero -Wdiv-by-zero -Wimplicit-function-declaration -Wimplicit-int -Wpointer-arith -Wshorten-64-to-32 -Wwrite-strings -Wold-style-definition -Wmissing-noreturn -Wno-cast-function-type -Wno-constant-logical-operand -Wno-long-long -Wno-missing-field-initializers -Wno-overlength-strings -Wno-parentheses-equality -Wno-self-assign -Wno-tautological-compare -Wno-unused-parameter -Wno-unused-value -Wunused-variable -Wmisleading-indentation -Wundef -fno-common -pipe -arch arm64  -c conftest.c"
conftest.c:7:40: error: no member named 'f_basetype' in 'struct statvfs'
    7 | int s = (char *)&((struct statvfs*)0)->f_basetype - (char *)0;
      |                  ~~~~~~~~~~~~~~~~~~~~  ^
conftest.c:7:51: warning: performing pointer subtraction with a null pointer has undefined behavior [-Wnull-pointer-subtraction]
    7 | int s = (char *)&((struct statvfs*)0)->f_basetype - (char *)0;
      |                                                   ^ ~~~~~~~~~
1 warning and 1 error generated.
checked program was:
/* begin */
 1: #include "ruby.h"
 2: 
 3: #include <sys/types.h>
 4: #include <sys/statvfs.h>
 5: 
 6: /*top*/
 7: int s = (char *)&((struct statvfs*)0)->f_basetype - (char *)0;
 8: int main(int argc, char **argv)
 9: {
10:   return !!argv[argc];
11: }
/* end */

--------------------

have_header: checking for unistd.h... -------------------- yes

DYLD_LIBRARY_PATH=.:/opt/homebrew/Cellar/ruby/3.4.7/lib ASAN_OPTIONS=detect_leaks=0 "clang -I/opt/homebrew/Cellar/ruby/3.4.7/include/ruby-3.4.0/arm64-darwin25 -I/opt/homebrew/Cellar/ruby/3.4.7/include/ruby-3.4.0/ruby/backward -I/opt/homebrew/Cellar/ruby/3.4.7/include/ruby-3.4.0 -I. -I/opt/homebrew/opt/libyaml/include -I/opt/homebrew/opt/openssl@3/include -D_XOPEN_SOURCE -D_DARWIN_C_SOURCE -D_DARWIN_UNLIMITED_SELECT -D_REENTRANT   -fstack-protector-strong -U_FORTIFY_SOURCE -D_FORTIFY_SOURCE=2 -fdeclspec  -O3 -fno-fast-math -ggdb3 -Wall -Wextra -Wextra-tokens -Wdeprecated-declarations -Wdivision-by-zero -Wdiv-by-zero -Wimplicit-function-declaration -Wimplicit-int -Wpointer-arith -Wshorten-64-to-32 -Wwrite-strings -Wold-style-definition -Wmissing-noreturn -Wno-cast-function-type -Wno-constant-logical-operand -Wno-long-long -Wno-missing-field-initializers -Wno-overlength-strings -Wno-parentheses-equality -Wno-self-assign -Wno-tautological-compare -Wno-unused-parameter -Wno-unused-value -Wunused-variable -Wmisleading-indentation -Wundef -fno-common -pipe -arch arm64  -c conftest.c"
checked program was:
/* begin */
1: #include "ruby.h"
2: 
3: #include <unistd.h>
/* end */

--------------------

have_header: checking for sys/sysctl.h... -------------------- yes

DYLD_LIBRARY_PATH=.:/opt/homebrew/Cellar/ruby/3.4.7/lib ASAN_OPTIONS=detect_leaks=0 "clang -I/opt/homebrew/Cellar/ruby/3.4.7/include/ruby-3.4.0/arm64-darwin25 -I/opt/homebrew/Cellar/ruby/3.4.7/include/ruby-3.4.0/ruby/backward -I/opt/homebrew/Cellar/ruby/3.4.7/include/ruby-3.4.0 -I. -I/opt/homebrew/opt/libyaml/include -I/opt/homebrew/opt/openssl@3/include -D_XOPEN_SOURCE -D_DARWIN_C_SOURCE -D_DARWIN_UNLIMITED_SELECT -D_REENTRANT   -fstack-protector-strong -U_FORTIFY_SOURCE -D_FORTIFY_SOURCE=2 -fdeclspec  -O3 -fno-fast-math -ggdb3 -Wall -Wextra -Wextra-tokens -Wdeprecated-declarations -Wdivision-by-zero -Wdiv-by-zero -Wimplicit-function-declaration -Wimplicit-int -Wpointer-arith -Wshorten-64-to-32 -Wwrite-strings -Wold-style-definition -Wmissing-noreturn -Wno-cast-function-type -Wno-constant-logical-operand -Wno-long-long -Wno-missing-field-initializers -Wno-overlength-strings -Wno-parentheses-equality -Wno-self-assign -Wno-tautological-compare -Wno-unused-parameter -Wno-unused-value -Wunused-variable -Wmisleading-indentation -Wundef -fno-common -pipe -arch arm64  -c conftest.c"
checked program was:
/* begin */
1: #include "ruby.h"
2: 
3: #include <sys/sysctl.h>
/* end */

--------------------

have_header: checking for sys/types.h... -------------------- yes

DYLD_LIBRARY_PATH=.:/opt/homebrew/Cellar/ruby/3.4.7/lib ASAN_OPTIONS=detect_leaks=0 "clang -I/opt/homebrew/Cellar/ruby/3.4.7/include/ruby-3.4.0/arm64-darwin25 -I/opt/homebrew/Cellar/ruby/3.4.7/include/ruby-3.4.0/ruby/backward -I/opt/homebrew/Cellar/ruby/3.4.7/include/ruby-3.4.0 -I. -I/opt/homebrew/opt/libyaml/include -I/opt/homebrew/opt/openssl@3/include -D_XOPEN_SOURCE -D_DARWIN_C_SOURCE -D_DARWIN_UNLIMITED_SELECT -D_REENTRANT   -fstack-protector-strong -U_FORTIFY_SOURCE -D_FORTIFY_SOURCE=2 -fdeclspec  -O3 -fno-fast-math -ggdb3 -Wall -Wextra -Wextra-tokens -Wdeprecated-declarations -Wdivision-by-zero -Wdiv-by-zero -Wimplicit-function-declaration -Wimplicit-int -Wpointer-arith -Wshorten-64-to-32 -Wwrite-strings -Wold-style-definition -Wmissing-noreturn -Wno-cast-function-type -Wno-constant-logical-operand -Wno-long-long -Wno-missing-field-initializers -Wno-overlength-strings -Wno-parentheses-equality -Wno-self-assign -Wno-tautological-compare -Wno-unused-parameter -Wno-unused-value -Wunused-variable -Wmisleading-indentation -Wundef -fno-common -pipe -arch arm64  -c conftest.c"
checked program was:
/* begin */
1: #include "ruby.h"
2: 
3: #include <sys/types.h>
/* end */

--------------------

have_header: checking for sys/socket.h... -------------------- yes

DYLD_LIBRARY_PATH=.:/opt/homebrew/Cellar/ruby/3.4.7/lib ASAN_OPTIONS=detect_leaks=0 "clang -I/opt/homebrew/Cellar/ruby/3.4.7/include/ruby-3.4.0/arm64-darwin25 -I/opt/homebrew/Cellar/ruby/3.4.7/include/ruby-3.4.0/ruby/backward -I/opt/homebrew/Cellar/ruby/3.4.7/include/ruby-3.4.0 -I. -I/opt/homebrew/opt/libyaml/include -I/opt/homebrew/opt/openssl@3/include -D_XOPEN_SOURCE -D_DARWIN_C_SOURCE -D_DARWIN_UNLIMITED_SELECT -D_REENTRANT   -fstack-protector-strong -U_FORTIFY_SOURCE -D_FORTIFY_SOURCE=2 -fdeclspec  -O3 -fno-fast-math -ggdb3 -Wall -Wextra -Wextra-tokens -Wdeprecated-declarations -Wdivision-by-zero -Wdiv-by-zero -Wimplicit-function-declaration -Wimplicit-int -Wpointer-arith -Wshorten-64-to-32 -Wwrite-strings -Wold-style-definition -Wmissing-noreturn -Wno-cast-function-type -Wno-constant-logical-operand -Wno-long-long -Wno-missing-field-initializers -Wno-overlength-strings -Wno-parentheses-equality -Wno-self-assign -Wno-tautological-compare -Wno-unused-parameter -Wno-unused-value -Wunused-variable -Wmisleading-indentation -Wundef -fno-common -pipe -arch arm64  -c conftest.c"
checked program was:
/* begin */
1: #include "ruby.h"
2: 
3: #include <sys/socket.h>
/* end */

--------------------

have_header: checking for net/if.h... -------------------- yes

DYLD_LIBRARY_PATH=.:/opt/homebrew/Cellar/ruby/3.4.7/lib ASAN_OPTIONS=detect_leaks=0 "clang -I/opt/homebrew/Cellar/ruby/3.4.7/include/ruby-3.4.0/arm64-darwin25 -I/opt/homebrew/Cellar/ruby/3.4.7/include/ruby-3.4.0/ruby/backward -I/opt/homebrew/Cellar/ruby/3.4.7/include/ruby-3.4.0 -I. -I/opt/homebrew/opt/libyaml/include -I/opt/homebrew/opt/openssl@3/include -D_XOPEN_SOURCE -D_DARWIN_C_SOURCE -D_DARWIN_UNLIMITED_SELECT -D_REENTRANT   -fstack-protector-strong -U_FORTIFY_SOURCE -D_FORTIFY_SOURCE=2 -fdeclspec  -O3 -fno-fast-math -ggdb3 -Wall -Wextra -Wextra-tokens -Wdeprecated-declarations -Wdivision-by-zero -Wdiv-by-zero -Wimplicit-function-declaration -Wimplicit-int -Wpointer-arith -Wshorten-64-to-32 -Wwrite-strings -Wold-style-definition -Wmissing-noreturn -Wno-cast-function-type -Wno-constant-logical-operand -Wno-long-long -Wno-missing-field-initializers -Wno-overlength-strings -Wno-parentheses-equality -Wno-self-assign -Wno-tautological-compare -Wno-unused-parameter -Wno-unused-value -Wunused-variable -Wmisleading-indentation -Wundef -fno-common -pipe -arch arm64  -c conftest.c"
checked program was:
/* begin */
1: #include "ruby.h"
2: 
3: #include <net/if.h>
/* end */

--------------------

have_header: checking for net/if_types.h... -------------------- yes

DYLD_LIBRARY_PATH=.:/opt/homebrew/Cellar/ruby/3.4.7/lib ASAN_OPTIONS=detect_leaks=0 "clang -I/opt/homebrew/Cellar/ruby/3.4.7/include/ruby-3.4.0/arm64-darwin25 -I/opt/homebrew/Cellar/ruby/3.4.7/include/ruby-3.4.0/ruby/backward -I/opt/homebrew/Cellar/ruby/3.4.7/include/ruby-3.4.0 -I. -I/opt/homebrew/opt/libyaml/include -I/opt/homebrew/opt/openssl@3/include -D_XOPEN_SOURCE -D_DARWIN_C_SOURCE -D_DARWIN_UNLIMITED_SELECT -D_REENTRANT   -fstack-protector-strong -U_FORTIFY_SOURCE -D_FORTIFY_SOURCE=2 -fdeclspec  -O3 -fno-fast-math -ggdb3 -Wall -Wextra -Wextra-tokens -Wdeprecated-declarations -Wdivision-by-zero -Wdiv-by-zero -Wimplicit-function-declaration -Wimplicit-int -Wpointer-arith -Wshorten-64-to-32 -Wwrite-strings -Wold-style-definition -Wmissing-noreturn -Wno-cast-function-type -Wno-constant-logical-operand -Wno-long-long -Wno-missing-field-initializers -Wno-overlength-strings -Wno-parentheses-equality -Wno-self-assign -Wno-tautological-compare -Wno-unused-parameter -Wno-unused-value -Wunused-variable -Wmisleading-indentation -Wundef -fno-common -pipe -arch arm64  -c conftest.c"
checked program was:
/* begin */
1: #include "ruby.h"
2: 
3: #include <net/if_types.h>
/* end */

--------------------

have_header: checking for net/if_mib.h... -------------------- yes

DYLD_LIBRARY_PATH=.:/opt/homebrew/Cellar/ruby/3.4.7/lib ASAN_OPTIONS=detect_leaks=0 "clang -I/opt/homebrew/Cellar/ruby/3.4.7/include/ruby-3.4.0/arm64-darwin25 -I/opt/homebrew/Cellar/ruby/3.4.7/include/ruby-3.4.0/ruby/backward -I/opt/homebrew/Cellar/ruby/3.4.7/include/ruby-3.4.0 -I. -I/opt/homebrew/opt/libyaml/include -I/opt/homebrew/opt/openssl@3/include -D_XOPEN_SOURCE -D_DARWIN_C_SOURCE -D_DARWIN_UNLIMITED_SELECT -D_REENTRANT   -fstack-protector-strong -U_FORTIFY_SOURCE -D_FORTIFY_SOURCE=2 -fdeclspec  -O3 -fno-fast-math -ggdb3 -Wall -Wextra -Wextra-tokens -Wdeprecated-declarations -Wdivision-by-zero -Wdiv-by-zero -Wimplicit-function-declaration -Wimplicit-int -Wpointer-arith -Wshorten-64-to-32 -Wwrite-strings -Wold-style-definition -Wmissing-noreturn -Wno-cast-function-type -Wno-constant-logical-operand -Wno-long-long -Wno-missing-field-initializers -Wno-overlength-strings -Wno-parentheses-equality -Wno-self-assign -Wno-tautological-compare -Wno-unused-parameter -Wno-unused-value -Wunused-variable -Wmisleading-indentation -Wundef -fno-common -pipe -arch arm64  -c conftest.c"
checked program was:
/* begin */
1: #include "ruby.h"
2: 
3: #include <net/if_mib.h>
/* end */

--------------------

have_func: checking for getloadavg()... -------------------- yes

DYLD_LIBRARY_PATH=.:/opt/homebrew/Cellar/ruby/3.4.7/lib ASAN_OPTIONS=detect_leaks=0 "clang -o conftest -I/opt/homebrew/Cellar/ruby/3.4.7/include/ruby-3.4.0/arm64-darwin25 -I/opt/homebrew/Cellar/ruby/3.4.7/include/ruby-3.4.0/ruby/backward -I/opt/homebrew/Cellar/ruby/3.4.7/include/ruby-3.4.0 -I. -I/opt/homebrew/opt/libyaml/include -I/opt/homebrew/opt/openssl@3/include -D_XOPEN_SOURCE -D_DARWIN_C_SOURCE -D_DARWIN_UNLIMITED_SELECT -D_REENTRANT   -fstack-protector-strong -U_FORTIFY_SOURCE -D_FORTIFY_SOURCE=2 -fdeclspec  -O3 -fno-fast-math -ggdb3 -Wall -Wextra -Wextra-tokens -Wdeprecated-declarations -Wdivision-by-zero -Wdiv-by-zero -Wimplicit-function-declaration -Wimplicit-int -Wpointer-arith -Wshorten-64-to-32 -Wwrite-strings -Wold-style-definition -Wmissing-noreturn -Wno-cast-function-type -Wno-constant-logical-operand -Wno-long-long -Wno-missing-field-initializers -Wno-overlength-strings -Wno-parentheses-equality -Wno-self-assign -Wno-tautological-compare -Wno-unused-parameter -Wno-unused-value -Wunused-variable -Wmisleading-indentation -Wundef -fno-common -pipe conftest.c -L. -L/opt/homebrew/Cellar/ruby/3.4.7/lib -L/opt/homebrew/opt/libyaml/lib -L/opt/homebrew/opt/openssl@3/lib -L. -fstack-protector-strong -L/opt/homebrew/Cellar/libyaml/0.2.5/lib -L/opt/homebrew/Cellar/openssl@3/3.6.0/lib  -arch arm64   -lruby.3.4  -lpthread  "
checked program was:
/* begin */
 1: #include "ruby.h"
 2: 
 3: /*top*/
 4: extern int t(void);
 5: int main(int argc, char **argv)
 6: {
 7:   if (argc > 1000000) {
 8:     int (* volatile tp)(void)=(int (*)(void))&t;
 9:     printf("%d", (*tp)());
10:   }
11: 
12:   return !!argv[argc];
13: }
14: int t(void) { void ((*volatile p)()); p = (void ((*)()))getloadavg; return !p; }
/* end */

--------------------

have_func: checking for sysctl()... -------------------- yes

DYLD_LIBRARY_PATH=.:/opt/homebrew/Cellar/ruby/3.4.7/lib ASAN_OPTIONS=detect_leaks=0 "clang -o conftest -I/opt/homebrew/Cellar/ruby/3.4.7/include/ruby-3.4.0/arm64-darwin25 -I/opt/homebrew/Cellar/ruby/3.4.7/include/ruby-3.4.0/ruby/backward -I/opt/homebrew/Cellar/ruby/3.4.7/include/ruby-3.4.0 -I. -I/opt/homebrew/opt/libyaml/include -I/opt/homebrew/opt/openssl@3/include -D_XOPEN_SOURCE -D_DARWIN_C_SOURCE -D_DARWIN_UNLIMITED_SELECT -D_REENTRANT   -fstack-protector-strong -U_FORTIFY_SOURCE -D_FORTIFY_SOURCE=2 -fdeclspec  -O3 -fno-fast-math -ggdb3 -Wall -Wextra -Wextra-tokens -Wdeprecated-declarations -Wdivision-by-zero -Wdiv-by-zero -Wimplicit-function-declaration -Wimplicit-int -Wpointer-arith -Wshorten-64-to-32 -Wwrite-strings -Wold-style-definition -Wmissing-noreturn -Wno-cast-function-type -Wno-constant-logical-operand -Wno-long-long -Wno-missing-field-initializers -Wno-overlength-strings -Wno-parentheses-equality -Wno-self-assign -Wno-tautological-compare -Wno-unused-parameter -Wno-unused-value -Wunused-variable -Wmisleading-indentation -Wundef -fno-common -pipe conftest.c -L. -L/opt/homebrew/Cellar/ruby/3.4.7/lib -L/opt/homebrew/opt/libyaml/lib -L/opt/homebrew/opt/openssl@3/lib -L. -fstack-protector-strong -L/opt/homebrew/Cellar/libyaml/0.2.5/lib -L/opt/homebrew/Cellar/openssl@3/3.6.0/lib  -arch arm64   -lruby.3.4  -lpthread  "
conftest.c:14:57: error: use of undeclared identifier 'sysctl'
   14 | int t(void) { void ((*volatile p)()); p = (void ((*)()))sysctl; return !p; }
      |                                                         ^
1 error generated.
checked program was:
/* begin */
 1: #include "ruby.h"
 2: 
 3: /*top*/
 4: extern int t(void);
 5: int main(int argc, char **argv)
 6: {
 7:   if (argc > 1000000) {
 8:     int (* volatile tp)(void)=(int (*)(void))&t;
 9:     printf("%d", (*tp)());
10:   }
11: 
12:   return !!argv[argc];
13: }
14: int t(void) { void ((*volatile p)()); p = (void ((*)()))sysctl; return !p; }
/* end */

DYLD_LIBRARY_PATH=.:/opt/homebrew/Cellar/ruby/3.4.7/lib ASAN_OPTIONS=detect_leaks=0 "clang -o conftest -I/opt/homebrew/Cellar/ruby/3.4.7/include/ruby-3.4.0/arm64-darwin25 -I/opt/homebrew/Cellar/ruby/3.4.7/include/ruby-3.4.0/ruby/backward -I/opt/homebrew/Cellar/ruby/3.4.7/include/ruby-3.4.0 -I. -I/opt/homebrew/opt/libyaml/include -I/opt/homebrew/opt/openssl@3/include -D_XOPEN_SOURCE -D_DARWIN_C_SOURCE -D_DARWIN_UNLIMITED_SELECT -D_REENTRANT   -fstack-protector-strong -U_FORTIFY_SOURCE -D_FORTIFY_SOURCE=2 -fdeclspec  -O3 -fno-fast-math -ggdb3 -Wall -Wextra -Wextra-tokens -Wdeprecated-declarations -Wdivision-by-zero -Wdiv-by-zero -Wimplicit-function-declaration -Wimplicit-int -Wpointer-arith -Wshorten-64-to-32 -Wwrite-strings -Wold-style-definition -Wmissing-noreturn -Wno-cast-function-type -Wno-constant-logical-operand -Wno-long-long -Wno-missing-field-initializers -Wno-overlength-strings -Wno-parentheses-equality -Wno-self-assign -Wno-tautological-compare -Wno-unused-parameter -Wno-unused-value -Wunused-variable -Wmisleading-indentation -Wundef -fno-common -pipe conftest.c -L. -L/opt/homebrew/Cellar/ruby/3.4.7/lib -L/opt/homebrew/opt/libyaml/lib -L/opt/homebrew/opt/openssl@3/lib -L. -fstack-protector-strong -L/opt/homebrew/Cellar/libyaml/0.2.5/lib -L/opt/homebrew/Cellar/openssl@3/3.6.0/lib  -arch arm64   -lruby.3.4  -lpthread  "
checked program was:
/* begin */
 1: #include "ruby.h"
 2: 
 3: /*top*/
 4: extern int t(void);
 5: int main(int argc, char **argv)
 6: {
 7:   if (argc > 1000000) {
 8:     int (* volatile tp)(void)=(int (*)(void))&t;
 9:     printf("%d", (*tp)());
10:   }
11: 
12:   return !!argv[argc];
13: }
14: extern void sysctl();
15: int t(void) { sysctl(); return 0; }
/* end */

--------------------

have_type: checking for struct ifmibdata in unistd.h,sys/sysctl.h,sys/types.h,sys/socket.h,net/if.h,net/if_types.h,net/if_mib.h... -------------------- yes

DYLD_LIBRARY_PATH=.:/opt/homebrew/Cellar/ruby/3.4.7/lib ASAN_OPTIONS=detect_leaks=0 "clang -I/opt/homebrew/Cellar/ruby/3.4.7/include/ruby-3.4.0/arm64-darwin25 -I/opt/homebrew/Cellar/ruby/3.4.7/include/ruby-3.4.0/ruby/backward -I/opt/homebrew/Cellar/ruby/3.4.7/include/ruby-3.4.0 -I. -I/opt/homebrew/opt/libyaml/include -I/opt/homebrew/opt/openssl@3/include -D_XOPEN_SOURCE -D_DARWIN_C_SOURCE -D_DARWIN_UNLIMITED_SELECT -D_REENTRANT   -fstack-protector-strong -U_FORTIFY_SOURCE -D_FORTIFY_SOURCE=2 -fdeclspec  -O3 -fno-fast-math -ggdb3 -Wall -Wextra -Wextra-tokens -Wdeprecated-declarations -Wdivision-by-zero -Wdiv-by-zero -Wimplicit-function-declaration -Wimplicit-int -Wpointer-arith -Wshorten-64-to-32 -Wwrite-strings -Wold-style-definition -Wmissing-noreturn -Wno-cast-function-type -Wno-constant-logical-operand -Wno-long-long -Wno-missing-field-initializers -Wno-overlength-strings -Wno-parentheses-equality -Wno-self-assign -Wno-tautological-compare -Wno-unused-parameter -Wno-unused-value -Wunused-variable -Wmisleading-indentation -Wundef -fno-common -pipe -arch arm64  -c conftest.c"
checked program was:
/* begin */
 1: #include "ruby.h"
 2: 
 3: #include <unistd.h>
 4: #include <sys/sysctl.h>
 5: #include <sys/types.h>
 6: #include <sys/socket.h>
 7: #include <net/if.h>
 8: #include <net/if_types.h>
 9: #include <net/if_mib.h>
10: 
11: /*top*/
12: typedef struct ifmibdata conftest_type;
13: int conftestval[sizeof(conftest_type)?1:-1];
/* end */

--------------------

have_const: checking for CTL_NET in unistd.h,sys/sysctl.h,sys/types.h,sys/socket.h,net/if.h,net/if_types.h,net/if_mib.h... -------------------- yes

DYLD_LIBRARY_PATH=.:/opt/homebrew/Cellar/ruby/3.4.7/lib ASAN_OPTIONS=detect_leaks=0 "clang -I/opt/homebrew/Cellar/ruby/3.4.7/include/ruby-3.4.0/arm64-darwin25 -I/opt/homebrew/Cellar/ruby/3.4.7/include/ruby-3.4.0/ruby/backward -I/opt/homebrew/Cellar/ruby/3.4.7/include/ruby-3.4.0 -I. -I/opt/homebrew/opt/libyaml/include -I/opt/homebrew/opt/openssl@3/include -D_XOPEN_SOURCE -D_DARWIN_C_SOURCE -D_DARWIN_UNLIMITED_SELECT -D_REENTRANT   -fstack-protector-strong -U_FORTIFY_SOURCE -D_FORTIFY_SOURCE=2 -fdeclspec  -O3 -fno-fast-math -ggdb3 -Wall -Wextra -Wextra-tokens -Wdeprecated-declarations -Wdivision-by-zero -Wdiv-by-zero -Wimplicit-function-declaration -Wimplicit-int -Wpointer-arith -Wshorten-64-to-32 -Wwrite-strings -Wold-style-definition -Wmissing-noreturn -Wno-cast-function-type -Wno-constant-logical-operand -Wno-long-long -Wno-missing-field-initializers -Wno-overlength-strings -Wno-parentheses-equality -Wno-self-assign -Wno-tautological-compare -Wno-unused-parameter -Wno-unused-value -Wunused-variable -Wmisleading-indentation -Wundef -fno-common -pipe -arch arm64  -c conftest.c"
checked program was:
/* begin */
 1: #include "ruby.h"
 2: 
 3: #include <unistd.h>
 4: #include <sys/sysctl.h>
 5: #include <sys/types.h>
 6: #include <sys/socket.h>
 7: #include <net/if.h>
 8: #include <net/if_types.h>
 9: #include <net/if_mib.h>
10: 
11: /*top*/
12: typedef int conftest_type;
13: conftest_type conftestval = (int)CTL_NET;
/* end */

--------------------

have_const: checking for PF_LINK in unistd.h,sys/sysctl.h,sys/types.h,sys/socket.h,net/if.h,net/if_types.h,net/if_mib.h... -------------------- yes

DYLD_LIBRARY_PATH=.:/opt/homebrew/Cellar/ruby/3.4.7/lib ASAN_OPTIONS=detect_leaks=0 "clang -I/opt/homebrew/Cellar/ruby/3.4.7/include/ruby-3.4.0/arm64-darwin25 -I/opt/homebrew/Cellar/ruby/3.4.7/include/ruby-3.4.0/ruby/backward -I/opt/homebrew/Cellar/ruby/3.4.7/include/ruby-3.4.0 -I. -I/opt/homebrew/opt/libyaml/include -I/opt/homebrew/opt/openssl@3/include -D_XOPEN_SOURCE -D_DARWIN_C_SOURCE -D_DARWIN_UNLIMITED_SELECT -D_REENTRANT   -fstack-protector-strong -U_FORTIFY_SOURCE -D_FORTIFY_SOURCE=2 -fdeclspec  -O3 -fno-fast-math -ggdb3 -Wall -Wextra -Wextra-tokens -Wdeprecated-declarations -Wdivision-by-zero -Wdiv-by-zero -Wimplicit-function-declaration -Wimplicit-int -Wpointer-arith -Wshorten-64-to-32 -Wwrite-strings -Wold-style-definition -Wmissing-noreturn -Wno-cast-function-type -Wno-constant-logical-operand -Wno-long-long -Wno-missing-field-initializers -Wno-overlength-strings -Wno-parentheses-equality -Wno-self-assign -Wno-tautological-compare -Wno-unused-parameter -Wno-unused-value -Wunused-variable -Wmisleading-indentation -Wundef -fno-common -pipe -arch arm64  -c conftest.c"
checked program was:
/* begin */
 1: #include "ruby.h"
 2: 
 3: #include <unistd.h>
 4: #include <sys/sysctl.h>
 5: #include <sys/types.h>
 6: #include <sys/socket.h>
 7: #include <net/if.h>
 8: #include <net/if_types.h>
 9: #include <net/if_mib.h>
10: 
11: /*top*/
12: typedef int conftest_type;
13: conftest_type conftestval = (int)PF_LINK;
/* end */

--------------------

have_const: checking for NETLINK_GENERIC in unistd.h,sys/sysctl.h,sys/types.h,sys/socket.h,net/if.h,net/if_types.h,net/if_mib.h... -------------------- yes

DYLD_LIBRARY_PATH=.:/opt/homebrew/Cellar/ruby/3.4.7/lib ASAN_OPTIONS=detect_leaks=0 "clang -I/opt/homebrew/Cellar/ruby/3.4.7/include/ruby-3.4.0/arm64-darwin25 -I/opt/homebrew/Cellar/ruby/3.4.7/include/ruby-3.4.0/ruby/backward -I/opt/homebrew/Cellar/ruby/3.4.7/include/ruby-3.4.0 -I. -I/opt/homebrew/opt/libyaml/include -I/opt/homebrew/opt/openssl@3/include -D_XOPEN_SOURCE -D_DARWIN_C_SOURCE -D_DARWIN_UNLIMITED_SELECT -D_REENTRANT   -fstack-protector-strong -U_FORTIFY_SOURCE -D_FORTIFY_SOURCE=2 -fdeclspec  -O3 -fno-fast-math -ggdb3 -Wall -Wextra -Wextra-tokens -Wdeprecated-declarations -Wdivision-by-zero -Wdiv-by-zero -Wimplicit-function-declaration -Wimplicit-int -Wpointer-arith -Wshorten-64-to-32 -Wwrite-strings -Wold-style-definition -Wmissing-noreturn -Wno-cast-function-type -Wno-constant-logical-operand -Wno-long-long -Wno-missing-field-initializers -Wno-overlength-strings -Wno-parentheses-equality -Wno-self-assign -Wno-tautological-compare -Wno-unused-parameter -Wno-unused-value -Wunused-variable -Wmisleading-indentation -Wundef -fno-common -pipe -arch arm64  -c conftest.c"
checked program was:
/* begin */
 1: #include "ruby.h"
 2: 
 3: #include <unistd.h>
 4: #include <sys/sysctl.h>
 5: #include <sys/types.h>
 6: #include <sys/socket.h>
 7: #include <net/if.h>
 8: #include <net/if_types.h>
 9: #include <net/if_mib.h>
10: 
11: /*top*/
12: typedef int conftest_type;
13: conftest_type conftestval = (int)NETLINK_GENERIC;
/* end */

--------------------

have_const: checking for IFMIB_IFDATA in unistd.h,sys/sysctl.h,sys/types.h,sys/socket.h,net/if.h,net/if_types.h,net/if_mib.h... -------------------- yes

DYLD_LIBRARY_PATH=.:/opt/homebrew/Cellar/ruby/3.4.7/lib ASAN_OPTIONS=detect_leaks=0 "clang -I/opt/homebrew/Cellar/ruby/3.4.7/include/ruby-3.4.0/arm64-darwin25 -I/opt/homebrew/Cellar/ruby/3.4.7/include/ruby-3.4.0/ruby/backward -I/opt/homebrew/Cellar/ruby/3.4.7/include/ruby-3.4.0 -I. -I/opt/homebrew/opt/libyaml/include -I/opt/homebrew/opt/openssl@3/include -D_XOPEN_SOURCE -D_DARWIN_C_SOURCE -D_DARWIN_UNLIMITED_SELECT -D_REENTRANT   -fstack-protector-strong -U_FORTIFY_SOURCE -D_FORTIFY_SOURCE=2 -fdeclspec  -O3 -fno-fast-math -ggdb3 -Wall -Wextra -Wextra-tokens -Wdeprecated-declarations -Wdivision-by-zero -Wdiv-by-zero -Wimplicit-function-declaration -Wimplicit-int -Wpointer-arith -Wshorten-64-to-32 -Wwrite-strings -Wold-style-definition -Wmissing-noreturn -Wno-cast-function-type -Wno-constant-logical-operand -Wno-long-long -Wno-missing-field-initializers -Wno-overlength-strings -Wno-parentheses-equality -Wno-self-assign -Wno-tautological-compare -Wno-unused-parameter -Wno-unused-value -Wunused-variable -Wmisleading-indentation -Wundef -fno-common -pipe -arch arm64  -c conftest.c"
checked program was:
/* begin */
 1: #include "ruby.h"
 2: 
 3: #include <unistd.h>
 4: #include <sys/sysctl.h>
 5: #include <sys/types.h>
 6: #include <sys/socket.h>
 7: #include <net/if.h>
 8: #include <net/if_types.h>
 9: #include <net/if_mib.h>
10: 
11: /*top*/
12: typedef int conftest_type;
13: conftest_type conftestval = (int)IFMIB_IFDATA;
/* end */

--------------------

have_const: checking for IFDATA_GENERAL in unistd.h,sys/sysctl.h,sys/types.h,sys/socket.h,net/if.h,net/if_types.h,net/if_mib.h... -------------------- yes

DYLD_LIBRARY_PATH=.:/opt/homebrew/Cellar/ruby/3.4.7/lib ASAN_OPTIONS=detect_leaks=0 "clang -I/opt/homebrew/Cellar/ruby/3.4.7/include/ruby-3.4.0/arm64-darwin25 -I/opt/homebrew/Cellar/ruby/3.4.7/include/ruby-3.4.0/ruby/backward -I/opt/homebrew/Cellar/ruby/3.4.7/include/ruby-3.4.0 -I. -I/opt/homebrew/opt/libyaml/include -I/opt/homebrew/opt/openssl@3/include -D_XOPEN_SOURCE -D_DARWIN_C_SOURCE -D_DARWIN_UNLIMITED_SELECT -D_REENTRANT   -fstack-protector-strong -U_FORTIFY_SOURCE -D_FORTIFY_SOURCE=2 -fdeclspec  -O3 -fno-fast-math -ggdb3 -Wall -Wextra -Wextra-tokens -Wdeprecated-declarations -Wdivision-by-zero -Wdiv-by-zero -Wimplicit-function-declaration -Wimplicit-int -Wpointer-arith -Wshorten-64-to-32 -Wwrite-strings -Wold-style-definition -Wmissing-noreturn -Wno-cast-function-type -Wno-constant-logical-operand -Wno-long-long -Wno-missing-field-initializers -Wno-overlength-strings -Wno-parentheses-equality -Wno-self-assign -Wno-tautological-compare -Wno-unused-parameter -Wno-unused-value -Wunused-variable -Wmisleading-indentation -Wundef -fno-common -pipe -arch arm64  -c conftest.c"
checked program was:
/* begin */
 1: #include "ruby.h"
 2: 
 3: #include <unistd.h>
 4: #include <sys/sysctl.h>
 5: #include <sys/types.h>
 6: #include <sys/socket.h>
 7: #include <net/if.h>
 8: #include <net/if_types.h>
 9: #include <net/if_mib.h>
10: 
11: /*top*/
12: typedef int conftest_type;
13: conftest_type conftestval = (int)IFDATA_GENERAL;
/* end */

--------------------

have_const: checking for CTL_KERN in sys/sysctl.h,sys/types.h... -------------------- yes

DYLD_LIBRARY_PATH=.:/opt/homebrew/Cellar/ruby/3.4.7/lib ASAN_OPTIONS=detect_leaks=0 "clang -I/opt/homebrew/Cellar/ruby/3.4.7/include/ruby-3.4.0/arm64-darwin25 -I/opt/homebrew/Cellar/ruby/3.4.7/include/ruby-3.4.0/ruby/backward -I/opt/homebrew/Cellar/ruby/3.4.7/include/ruby-3.4.0 -I. -I/opt/homebrew/opt/libyaml/include -I/opt/homebrew/opt/openssl@3/include -D_XOPEN_SOURCE -D_DARWIN_C_SOURCE -D_DARWIN_UNLIMITED_SELECT -D_REENTRANT   -fstack-protector-strong -U_FORTIFY_SOURCE -D_FORTIFY_SOURCE=2 -fdeclspec  -O3 -fno-fast-math -ggdb3 -Wall -Wextra -Wextra-tokens -Wdeprecated-declarations -Wdivision-by-zero -Wdiv-by-zero -Wimplicit-function-declaration -Wimplicit-int -Wpointer-arith -Wshorten-64-to-32 -Wwrite-strings -Wold-style-definition -Wmissing-noreturn -Wno-cast-function-type -Wno-constant-logical-operand -Wno-long-long -Wno-missing-field-initializers -Wno-overlength-strings -Wno-parentheses-equality -Wno-self-assign -Wno-tautological-compare -Wno-unused-parameter -Wno-unused-value -Wunused-variable -Wmisleading-indentation -Wundef -fno-common -pipe -arch arm64  -c conftest.c"
checked program was:
/* begin */
1: #include "ruby.h"
2: 
3: #include <sys/sysctl.h>
4: #include <sys/types.h>
5: 
6: /*top*/
7: typedef int conftest_type;
8: conftest_type conftestval = (int)CTL_KERN;
/* end */

--------------------

have_const: checking for KERN_BOOTTIME in sys/sysctl.h,sys/types.h... -------------------- yes

DYLD_LIBRARY_PATH=.:/opt/homebrew/Cellar/ruby/3.4.7/lib ASAN_OPTIONS=detect_leaks=0 "clang -I/opt/homebrew/Cellar/ruby/3.4.7/include/ruby-3.4.0/arm64-darwin25 -I/opt/homebrew/Cellar/ruby/3.4.7/include/ruby-3.4.0/ruby/backward -I/opt/homebrew/Cellar/ruby/3.4.7/include/ruby-3.4.0 -I. -I/opt/homebrew/opt/libyaml/include -I/opt/homebrew/opt/openssl@3/include -D_XOPEN_SOURCE -D_DARWIN_C_SOURCE -D_DARWIN_UNLIMITED_SELECT -D_REENTRANT   -fstack-protector-strong -U_FORTIFY_SOURCE -D_FORTIFY_SOURCE=2 -fdeclspec  -O3 -fno-fast-math -ggdb3 -Wall -Wextra -Wextra-tokens -Wdeprecated-declarations -Wdivision-by-zero -Wdiv-by-zero -Wimplicit-function-declaration -Wimplicit-int -Wpointer-arith -Wshorten-64-to-32 -Wwrite-strings -Wold-style-definition -Wmissing-noreturn -Wno-cast-function-type -Wno-constant-logical-operand -Wno-long-long -Wno-missing-field-initializers -Wno-overlength-strings -Wno-parentheses-equality -Wno-self-assign -Wno-tautological-compare -Wno-unused-parameter -Wno-unused-value -Wunused-variable -Wmisleading-indentation -Wundef -fno-common -pipe -arch arm64  -c conftest.c"
checked program was:
/* begin */
1: #include "ruby.h"
2: 
3: #include <sys/sysctl.h>
4: #include <sys/types.h>
5: 
6: /*top*/
7: typedef int conftest_type;
8: conftest_type conftestval = (int)KERN_BOOTTIME;
/* end */

--------------------

DYLD_LIBRARY_PATH=.:/opt/homebrew/Cellar/ruby/3.4.7/lib ASAN_OPTIONS=detect_leaks=0 "sysctl vm.stats.vm.v_page_size"
sysctl: unknown oid 'vm.stats.vm.v_page_size'
extconf.h is:
/* begin */
 1: #ifndef EXTCONF_H
 2: #define EXTCONF_H
 3: #define HAVE_UNISTD_H 1
 4: #define HAVE_GETPAGESIZE 1
 5: #define HAVE_STDLIB_H 1
 6: #define HAVE_GETLOADAVG 1
 7: #define HAVE_MACH_MACH_H 1
 8: #define HAVE_MACH_MACH_HOST_H 1
 9: #define HAVE_HOST_PROCESSOR_INFO 1
10: #define HAVE_MACH_HOST_SELF 1
11: #define HAVE_MACH_TASK_SELF 1
12: #define HAVE_VM_DEALLOCATE 1
13: #define HAVE_MACH_ERROR_STRING 1
14: #define HAVE_TASK_INFO 1
15: #define HAVE_CONST_KERN_SUCCESS 1
16: #define HAVE_CONST_TASK_BASIC_INFO 1
17: #define HAVE_CONST_HOST_VM_INFO 1
18: #define HAVE_CONST_CPU_STATE_MAX 1
19: #define HAVE_CONST_PROCESSOR_CPU_LOAD_INFO 1
20: #define HAVE_CONST_CPU_STATE_USER 1
21: #define HAVE_CONST_CPU_STATE_SYSTEM 1
22: #define HAVE_CONST_CPU_STATE_NICE 1
23: #define HAVE_CONST_CPU_STATE_IDLE 1
24: #define HAVE_SYS_PARAM_H 1
25: #define HAVE_SYS_MOUNT_H 1
26: #define HAVE_STATFS 1
27: #define HAVE_STRUCT_STATFS_F_FSTYPENAME 1
28: #define HAVE_ST_F_FSTYPENAME 1
29: #define HAVE_STATVFS 1
30: #define HAVE_UNISTD_H 1
31: #define HAVE_SYS_SYSCTL_H 1
32: #define HAVE_SYS_TYPES_H 1
33: #define HAVE_SYS_SOCKET_H 1
34: #define HAVE_NET_IF_H 1
35: #define HAVE_NET_IF_TYPES_H 1
36: #define HAVE_NET_IF_MIB_H 1
37: #define HAVE_GETLOADAVG 1
38: #define HAVE_SYSCTL 1
39: #define HAVE_TYPE_STRUCT_IFMIBDATA 1
40: #define HAVE_CONST_CTL_NET 1
41: #define HAVE_CONST_PF_LINK 1
42: #define HAVE_CONST_NETLINK_GENERIC 1
43: #define HAVE_CONST_IFMIB_IFDATA 1
44: #define HAVE_CONST_IFDATA_GENERAL 1
45: #define HAVE_CONST_CTL_KERN 1
46: #define HAVE_CONST_KERN_BOOTTIME 1
47: #endif
/* end */

